Archive member included to satisfy reference by file (symbol)

../lab7_app_bsp/\libhal_bsp.a(alt_load.o)
                              ../lab7_app_bsp//obj/HAL/src/crt0.o (alt_load)
../lab7_app_bsp/\libhal_bsp.a(alt_main.o)
                              ../lab7_app_bsp//obj/HAL/src/crt0.o (alt_main)
../lab7_app_bsp/\libhal_bsp.a(alt_sys_init.o)
                              ../lab7_app_bsp/\libhal_bsp.a(alt_main.o) (alt_irq_init)
../lab7_app_bsp/\libhal_bsp.a(alt_close.o)
                              ../lab7_app_bsp/\libhal_bsp.a(alt_main.o) (close)
../lab7_app_bsp/\libhal_bsp.a(alt_dcache_flush_all.o)
                              ../lab7_app_bsp/\libhal_bsp.a(alt_load.o) (alt_dcache_flush_all)
../lab7_app_bsp/\libhal_bsp.a(alt_dev.o)
                              ../lab7_app_bsp/\libhal_bsp.a(alt_close.o) (alt_fd_list)
../lab7_app_bsp/\libhal_bsp.a(alt_do_ctors.o)
                              ../lab7_app_bsp/\libhal_bsp.a(alt_main.o) (_do_ctors)
../lab7_app_bsp/\libhal_bsp.a(alt_do_dtors.o)
                              ../lab7_app_bsp/\libhal_bsp.a(alt_main.o) (_do_dtors)
../lab7_app_bsp/\libhal_bsp.a(alt_errno.o)
                              ../lab7_app_bsp/\libhal_bsp.a(alt_close.o) (alt_errno)
../lab7_app_bsp/\libhal_bsp.a(alt_icache_flush_all.o)
                              ../lab7_app_bsp/\libhal_bsp.a(alt_load.o) (alt_icache_flush_all)
../lab7_app_bsp/\libhal_bsp.a(alt_release_fd.o)
                              ../lab7_app_bsp/\libhal_bsp.a(alt_close.o) (alt_release_fd)
../lab7_app_bsp/\libhal_bsp.a(altera_nios2_gen2_irq.o)
                              ../lab7_app_bsp/\libhal_bsp.a(alt_sys_init.o) (altera_nios2_gen2_irq_init)
s:/altera/nios2eds/bin/gnu/h-x86_64-mingw32/bin/../lib/gcc/nios2-elf/4.9.1/../../../../../H-x86_64-mingw32/nios2-elf/lib/mno-hw-mul\libc.a(lib_a-atexit.o)
                              ../lab7_app_bsp/\libhal_bsp.a(alt_main.o) (atexit)
s:/altera/nios2eds/bin/gnu/h-x86_64-mingw32/bin/../lib/gcc/nios2-elf/4.9.1/../../../../../H-x86_64-mingw32/nios2-elf/lib/mno-hw-mul\libc.a(lib_a-exit.o)
                              ../lab7_app_bsp/\libhal_bsp.a(alt_main.o) (exit)
s:/altera/nios2eds/bin/gnu/h-x86_64-mingw32/bin/../lib/gcc/nios2-elf/4.9.1/../../../../../H-x86_64-mingw32/nios2-elf/lib/mno-hw-mul\libc.a(lib_a-impure.o)
                              s:/altera/nios2eds/bin/gnu/h-x86_64-mingw32/bin/../lib/gcc/nios2-elf/4.9.1/../../../../../H-x86_64-mingw32/nios2-elf/lib/mno-hw-mul\libc.a(lib_a-exit.o) (_global_impure_ptr)
s:/altera/nios2eds/bin/gnu/h-x86_64-mingw32/bin/../lib/gcc/nios2-elf/4.9.1/../../../../../H-x86_64-mingw32/nios2-elf/lib/mno-hw-mul\libc.a(lib_a-int_errno.o)
                              ../lab7_app_bsp/\libhal_bsp.a(alt_close.o) (errno)
s:/altera/nios2eds/bin/gnu/h-x86_64-mingw32/bin/../lib/gcc/nios2-elf/4.9.1/../../../../../H-x86_64-mingw32/nios2-elf/lib/mno-hw-mul\libc.a(lib_a-__atexit.o)
                              s:/altera/nios2eds/bin/gnu/h-x86_64-mingw32/bin/../lib/gcc/nios2-elf/4.9.1/../../../../../H-x86_64-mingw32/nios2-elf/lib/mno-hw-mul\libc.a(lib_a-atexit.o) (__register_exitproc)
s:/altera/nios2eds/bin/gnu/h-x86_64-mingw32/bin/../lib/gcc/nios2-elf/4.9.1/../../../../../H-x86_64-mingw32/nios2-elf/lib/mno-hw-mul\libc.a(lib_a-__call_atexit.o)
                              s:/altera/nios2eds/bin/gnu/h-x86_64-mingw32/bin/../lib/gcc/nios2-elf/4.9.1/../../../../../H-x86_64-mingw32/nios2-elf/lib/mno-hw-mul\libc.a(lib_a-exit.o) (__call_exitprocs)
s:/altera/nios2eds/bin/gnu/h-x86_64-mingw32/bin/../lib/gcc/nios2-elf/4.9.1/mno-hw-mul\libgcc.a(lib2-mul.o)
                              ../lab7_app_bsp/\libhal_bsp.a(alt_close.o) (__mulsi3)
../lab7_app_bsp/\libhal_bsp.a(alt_exit.o)
                              s:/altera/nios2eds/bin/gnu/h-x86_64-mingw32/bin/../lib/gcc/nios2-elf/4.9.1/../../../../../H-x86_64-mingw32/nios2-elf/lib/mno-hw-mul\libc.a(lib_a-exit.o) (_exit)

Allocating common symbols
Common symbol       size              file

errno               0x4               s:/altera/nios2eds/bin/gnu/h-x86_64-mingw32/bin/../lib/gcc/nios2-elf/4.9.1/../../../../../H-x86_64-mingw32/nios2-elf/lib/mno-hw-mul\libc.a(lib_a-int_errno.o)

Memory Configuration

Name             Origin             Length             Attributes
onchip_memory2_0 0x0000000000000000 0x0000000000001000
reset            0x0000000010000000 0x0000000000000020
sdram            0x0000000010000020 0x0000000007ffffe0
*default*        0x0000000000000000 0xffffffffffffffff

Linker script and memory map

LOAD ../lab7_app_bsp//obj/HAL/src/crt0.o
LOAD obj/default/main.o
LOAD s:/altera/nios2eds/bin/gnu/h-x86_64-mingw32/bin/../lib/gcc/nios2-elf/4.9.1/../../../../../H-x86_64-mingw32/nios2-elf/lib/mno-hw-mul\libstdc++.a
LOAD s:/altera/nios2eds/bin/gnu/h-x86_64-mingw32/bin/../lib/gcc/nios2-elf/4.9.1/../../../../../H-x86_64-mingw32/nios2-elf/lib/mno-hw-mul\libm.a
LOAD s:/altera/nios2eds/bin/gnu/h-x86_64-mingw32/bin/../lib/gcc/nios2-elf/4.9.1/mno-hw-mul\libgcc.a
START GROUP
LOAD s:/altera/nios2eds/bin/gnu/h-x86_64-mingw32/bin/../lib/gcc/nios2-elf/4.9.1/../../../../../H-x86_64-mingw32/nios2-elf/lib/mno-hw-mul\libc.a
LOAD s:/altera/nios2eds/bin/gnu/h-x86_64-mingw32/bin/../lib/gcc/nios2-elf/4.9.1/mno-hw-mul\libgcc.a
LOAD ../lab7_app_bsp/\libhal_bsp.a
LOAD s:/altera/nios2eds/bin/gnu/h-x86_64-mingw32/bin/../lib/gcc/nios2-elf/4.9.1/../../../../../H-x86_64-mingw32/nios2-elf/lib/mno-hw-mul\libm.a
END GROUP
LOAD s:/altera/nios2eds/bin/gnu/h-x86_64-mingw32/bin/../lib/gcc/nios2-elf/4.9.1/mno-hw-mul\libgcc.a
                0x0000000000000000                __alt_mem_onchip_memory2_0 = 0x0
                0x0000000010000000                __alt_mem_sdram = 0x10000000

.entry          0x0000000010000000       0x20
 *(.entry)
 .entry         0x0000000010000000       0x20 ../lab7_app_bsp//obj/HAL/src/crt0.o
                0x0000000010000000                __reset

.exceptions     0x0000000010000020        0x0
                0x0000000010000020                PROVIDE (__ram_exceptions_start, ABSOLUTE (.))
                0x0000000010000020                . = ALIGN (0x20)
 *(.irq)
 *(.exceptions.entry.label)
 *(.exceptions.entry.user)
 *(.exceptions.entry.ecc_fatal)
 *(.exceptions.entry)
 *(.exceptions.irqtest.user)
 *(.exceptions.irqtest)
 *(.exceptions.irqhandler.user)
 *(.exceptions.irqhandler)
 *(.exceptions.irqreturn.user)
 *(.exceptions.irqreturn)
 *(.exceptions.notirq.label)
 *(.exceptions.notirq.user)
 *(.exceptions.notirq)
 *(.exceptions.soft.user)
 *(.exceptions.soft)
 *(.exceptions.unknown.user)
 *(.exceptions.unknown)
 *(.exceptions.exit.label)
 *(.exceptions.exit.user)
 *(.exceptions.exit)
 *(.exceptions)
                0x0000000010000020                PROVIDE (__ram_exceptions_end, ABSOLUTE (.))
                0x0000000010000020                PROVIDE (__flash_exceptions_start, LOADADDR (.exceptions))

.text           0x0000000010000020      0x8b4
                0x0000000010000020                PROVIDE (stext, ABSOLUTE (.))
 *(.interp)
 *(.hash)
 *(.dynsym)
 *(.dynstr)
 *(.gnu.version)
 *(.gnu.version_d)
 *(.gnu.version_r)
 *(.rel.init)
 *(.rela.init)
 *(.rel.text .rel.text.* .rel.gnu.linkonce.t.*)
 *(.rela.text .rela.text.* .rela.gnu.linkonce.t.*)
 *(.rel.fini)
 *(.rela.fini)
 *(.rel.rodata .rel.rodata.* .rel.gnu.linkonce.r.*)
 *(.rela.rodata .rela.rodata.* .rela.gnu.linkonce.r.*)
 *(.rel.data .rel.data.* .rel.gnu.linkonce.d.*)
 *(.rela.data .rela.data.* .rela.gnu.linkonce.d.*)
 *(.rel.tdata .rel.tdata.* .rel.gnu.linkonce.td.*)
 *(.rela.tdata .rela.tdata.* .rela.gnu.linkonce.td.*)
 *(.rel.tbss .rel.tbss.* .rel.gnu.linkonce.tb.*)
 *(.rela.tbss .rela.tbss.* .rela.gnu.linkonce.tb.*)
 *(.rel.ctors)
 *(.rela.ctors)
 *(.rel.dtors)
 *(.rela.dtors)
 *(.rel.got)
 *(.rela.got)
 *(.rel.sdata .rel.sdata.* .rel.gnu.linkonce.s.*)
 *(.rela.sdata .rela.sdata.* .rela.gnu.linkonce.s.*)
 *(.rel.sbss .rel.sbss.* .rel.gnu.linkonce.sb.*)
 *(.rela.sbss .rela.sbss.* .rela.gnu.linkonce.sb.*)
 *(.rel.sdata2 .rel.sdata2.* .rel.gnu.linkonce.s2.*)
 *(.rela.sdata2 .rela.sdata2.* .rela.gnu.linkonce.s2.*)
 *(.rel.sbss2 .rel.sbss2.* .rel.gnu.linkonce.sb2.*)
 *(.rela.sbss2 .rela.sbss2.* .rela.gnu.linkonce.sb2.*)
 *(.rel.bss .rel.bss.* .rel.gnu.linkonce.b.*)
 *(.rela.bss .rela.bss.* .rela.gnu.linkonce.b.*)
 *(.rel.plt)
 *(.rela.plt)
 *(.rel.dyn)
 *(.init)
 *(.plt)
 *(.text .stub .text.* .gnu.linkonce.t.*)
 .text          0x0000000010000020       0x3c ../lab7_app_bsp//obj/HAL/src/crt0.o
                0x0000000010000020                _start
 .text          0x000000001000005c       0xb0 obj/default/main.o
                0x000000001000005c                main
 .text          0x000000001000010c       0xe4 ../lab7_app_bsp/\libhal_bsp.a(alt_load.o)
                0x0000000010000170                alt_load
 .text          0x00000000100001f0       0x5c ../lab7_app_bsp/\libhal_bsp.a(alt_main.o)
                0x00000000100001f0                alt_main
 .text          0x000000001000024c       0x54 ../lab7_app_bsp/\libhal_bsp.a(alt_sys_init.o)
                0x000000001000024c                alt_irq_init
                0x0000000010000280                alt_sys_init
 .text          0x00000000100002a0      0x128 ../lab7_app_bsp/\libhal_bsp.a(alt_close.o)
                0x00000000100002f0                close
 .text          0x00000000100003c8       0x1c ../lab7_app_bsp/\libhal_bsp.a(alt_dcache_flush_all.o)
                0x00000000100003c8                alt_dcache_flush_all
 .text          0x00000000100003e4       0x2c ../lab7_app_bsp/\libhal_bsp.a(alt_dev.o)
 .text          0x0000000010000410       0x5c ../lab7_app_bsp/\libhal_bsp.a(alt_do_ctors.o)
                0x0000000010000410                _do_ctors
 .text          0x000000001000046c       0x5c ../lab7_app_bsp/\libhal_bsp.a(alt_do_dtors.o)
                0x000000001000046c                _do_dtors
 .text          0x00000000100004c8        0x0 ../lab7_app_bsp/\libhal_bsp.a(alt_errno.o)
 .text          0x00000000100004c8       0x1c ../lab7_app_bsp/\libhal_bsp.a(alt_icache_flush_all.o)
                0x00000000100004c8                alt_icache_flush_all
 .text          0x00000000100004e4       0x80 ../lab7_app_bsp/\libhal_bsp.a(alt_release_fd.o)
                0x00000000100004e4                alt_release_fd
 .text          0x0000000010000564       0x20 ../lab7_app_bsp/\libhal_bsp.a(altera_nios2_gen2_irq.o)
                0x0000000010000564                altera_nios2_gen2_irq_init
 .text          0x0000000010000584       0x14 s:/altera/nios2eds/bin/gnu/h-x86_64-mingw32/bin/../lib/gcc/nios2-elf/4.9.1/../../../../../H-x86_64-mingw32/nios2-elf/lib/mno-hw-mul\libc.a(lib_a-atexit.o)
                0x0000000010000584                atexit
 .text          0x0000000010000598       0x38 s:/altera/nios2eds/bin/gnu/h-x86_64-mingw32/bin/../lib/gcc/nios2-elf/4.9.1/../../../../../H-x86_64-mingw32/nios2-elf/lib/mno-hw-mul\libc.a(lib_a-exit.o)
                0x0000000010000598                exit
 .text          0x00000000100005d0        0x0 s:/altera/nios2eds/bin/gnu/h-x86_64-mingw32/bin/../lib/gcc/nios2-elf/4.9.1/../../../../../H-x86_64-mingw32/nios2-elf/lib/mno-hw-mul\libc.a(lib_a-impure.o)
 .text          0x00000000100005d0        0x0 s:/altera/nios2eds/bin/gnu/h-x86_64-mingw32/bin/../lib/gcc/nios2-elf/4.9.1/../../../../../H-x86_64-mingw32/nios2-elf/lib/mno-hw-mul\libc.a(lib_a-int_errno.o)
 .text          0x00000000100005d0      0x114 s:/altera/nios2eds/bin/gnu/h-x86_64-mingw32/bin/../lib/gcc/nios2-elf/4.9.1/../../../../../H-x86_64-mingw32/nios2-elf/lib/mno-hw-mul\libc.a(lib_a-__atexit.o)
                0x00000000100005d0                __register_exitproc
 .text          0x00000000100006e4      0x194 s:/altera/nios2eds/bin/gnu/h-x86_64-mingw32/bin/../lib/gcc/nios2-elf/4.9.1/../../../../../H-x86_64-mingw32/nios2-elf/lib/mno-hw-mul\libc.a(lib_a-__call_atexit.o)
                0x00000000100006e4                __call_exitprocs
 .text          0x0000000010000878       0x28 s:/altera/nios2eds/bin/gnu/h-x86_64-mingw32/bin/../lib/gcc/nios2-elf/4.9.1/mno-hw-mul\libgcc.a(lib2-mul.o)
                0x0000000010000878                __mulsi3
 .text          0x00000000100008a0       0x34 ../lab7_app_bsp/\libhal_bsp.a(alt_exit.o)
                0x00000000100008a0                _exit
 *(.gnu.warning.*)
 *(.fini)
                0x00000000100008d4                PROVIDE (__etext, ABSOLUTE (.))
                0x00000000100008d4                PROVIDE (_etext, ABSOLUTE (.))
                0x00000000100008d4                PROVIDE (etext, ABSOLUTE (.))
 *(.eh_frame_hdr)
                0x00000000100008d4                . = ALIGN (0x4)
                0x00000000100008d4                PROVIDE (__preinit_array_start, ABSOLUTE (.))
 *(.preinit_array)
                0x00000000100008d4                PROVIDE (__preinit_array_end, ABSOLUTE (.))
                0x00000000100008d4                PROVIDE (__init_array_start, ABSOLUTE (.))
 *(.init_array)
                0x00000000100008d4                PROVIDE (__init_array_end, ABSOLUTE (.))
                0x00000000100008d4                PROVIDE (__fini_array_start, ABSOLUTE (.))
 *(.fini_array)
                0x00000000100008d4                PROVIDE (__fini_array_end, ABSOLUTE (.))
 *(.eh_frame)
 *(.gcc_except_table .gcc_except_table.*)
 *(.dynamic)
                0x00000000100008d4                PROVIDE (__CTOR_LIST__, ABSOLUTE (.))
 *(.ctors)
 *(SORT(.ctors.*))
                0x00000000100008d4                PROVIDE (__CTOR_END__, ABSOLUTE (.))
                0x00000000100008d4                PROVIDE (__DTOR_LIST__, ABSOLUTE (.))
 *(.dtors)
 *(SORT(.dtors.*))
                0x00000000100008d4                PROVIDE (__DTOR_END__, ABSOLUTE (.))
 *(.jcr)
                0x00000000100008d4                . = ALIGN (0x4)

.rodata         0x00000000100008d4       0x10
                0x00000000100008d4                PROVIDE (__ram_rodata_start, ABSOLUTE (.))
                0x00000000100008d4                . = ALIGN (0x4)
 *(.rodata .rodata.* .gnu.linkonce.r.*)
 .rodata        0x00000000100008d4        0xc ../lab7_app_bsp/\libhal_bsp.a(alt_dev.o)
 .rodata.str1.4
                0x00000000100008e0        0x4 s:/altera/nios2eds/bin/gnu/h-x86_64-mingw32/bin/../lib/gcc/nios2-elf/4.9.1/../../../../../H-x86_64-mingw32/nios2-elf/lib/mno-hw-mul\libc.a(lib_a-impure.o)
 *(.rodata1)
                0x00000000100008e4                . = ALIGN (0x4)
                0x00000000100008e4                PROVIDE (__ram_rodata_end, ABSOLUTE (.))
                0x00000000100008d4                PROVIDE (__flash_rodata_start, LOADADDR (.rodata))

.rwdata         0x00000000100008e4      0x5ec load address 0x0000000010000ed0
                0x00000000100008e4                PROVIDE (__ram_rwdata_start, ABSOLUTE (.))
                0x00000000100008e4                . = ALIGN (0x4)
 *(.got.plt)
 *(.got)
 *(.data1)
 *(.data .data.* .gnu.linkonce.d.*)
 .data          0x00000000100008e4        0x0 ../lab7_app_bsp//obj/HAL/src/crt0.o
 .data          0x00000000100008e4        0x0 obj/default/main.o
 .data          0x00000000100008e4        0x0 ../lab7_app_bsp/\libhal_bsp.a(alt_load.o)
 .data          0x00000000100008e4        0x0 ../lab7_app_bsp/\libhal_bsp.a(alt_main.o)
 .data          0x00000000100008e4        0x0 ../lab7_app_bsp/\libhal_bsp.a(alt_sys_init.o)
 .data          0x00000000100008e4        0x0 ../lab7_app_bsp/\libhal_bsp.a(alt_close.o)
 .data          0x00000000100008e4        0x0 ../lab7_app_bsp/\libhal_bsp.a(alt_dcache_flush_all.o)
 .data          0x00000000100008e4      0x1a8 ../lab7_app_bsp/\libhal_bsp.a(alt_dev.o)
                0x00000000100008e4                alt_dev_null
                0x000000001000090c                alt_fd_list
 .data          0x0000000010000a8c        0x0 ../lab7_app_bsp/\libhal_bsp.a(alt_do_ctors.o)
 .data          0x0000000010000a8c        0x0 ../lab7_app_bsp/\libhal_bsp.a(alt_do_dtors.o)
 .data          0x0000000010000a8c        0x0 ../lab7_app_bsp/\libhal_bsp.a(alt_errno.o)
 .data          0x0000000010000a8c        0x0 ../lab7_app_bsp/\libhal_bsp.a(alt_icache_flush_all.o)
 .data          0x0000000010000a8c        0x0 ../lab7_app_bsp/\libhal_bsp.a(alt_release_fd.o)
 .data          0x0000000010000a8c        0x0 ../lab7_app_bsp/\libhal_bsp.a(altera_nios2_gen2_irq.o)
 .data          0x0000000010000a8c        0x0 s:/altera/nios2eds/bin/gnu/h-x86_64-mingw32/bin/../lib/gcc/nios2-elf/4.9.1/../../../../../H-x86_64-mingw32/nios2-elf/lib/mno-hw-mul\libc.a(lib_a-atexit.o)
 .data          0x0000000010000a8c        0x0 s:/altera/nios2eds/bin/gnu/h-x86_64-mingw32/bin/../lib/gcc/nios2-elf/4.9.1/../../../../../H-x86_64-mingw32/nios2-elf/lib/mno-hw-mul\libc.a(lib_a-exit.o)
 .data          0x0000000010000a8c      0x424 s:/altera/nios2eds/bin/gnu/h-x86_64-mingw32/bin/../lib/gcc/nios2-elf/4.9.1/../../../../../H-x86_64-mingw32/nios2-elf/lib/mno-hw-mul\libc.a(lib_a-impure.o)
 .data          0x0000000010000eb0        0x0 s:/altera/nios2eds/bin/gnu/h-x86_64-mingw32/bin/../lib/gcc/nios2-elf/4.9.1/../../../../../H-x86_64-mingw32/nios2-elf/lib/mno-hw-mul\libc.a(lib_a-int_errno.o)
 .data          0x0000000010000eb0        0x0 s:/altera/nios2eds/bin/gnu/h-x86_64-mingw32/bin/../lib/gcc/nios2-elf/4.9.1/../../../../../H-x86_64-mingw32/nios2-elf/lib/mno-hw-mul\libc.a(lib_a-__atexit.o)
 .data          0x0000000010000eb0        0x0 s:/altera/nios2eds/bin/gnu/h-x86_64-mingw32/bin/../lib/gcc/nios2-elf/4.9.1/../../../../../H-x86_64-mingw32/nios2-elf/lib/mno-hw-mul\libc.a(lib_a-__call_atexit.o)
 .data          0x0000000010000eb0        0x0 s:/altera/nios2eds/bin/gnu/h-x86_64-mingw32/bin/../lib/gcc/nios2-elf/4.9.1/mno-hw-mul\libgcc.a(lib2-mul.o)
 .data          0x0000000010000eb0        0x0 ../lab7_app_bsp/\libhal_bsp.a(alt_exit.o)
                0x0000000010008eb0                _gp = ABSOLUTE ((. + 0x8000))
                0x0000000010008eb0                PROVIDE (gp, _gp)
 *(.rwdata .rwdata.*)
 *(.sdata .sdata.* .gnu.linkonce.s.*)
 .sdata         0x0000000010000eb0       0x14 ../lab7_app_bsp/\libhal_bsp.a(alt_dev.o)
                0x0000000010000eb0                alt_fs_list
                0x0000000010000eb8                alt_dev_list
                0x0000000010000ec0                alt_max_fd
 .sdata         0x0000000010000ec4        0x4 ../lab7_app_bsp/\libhal_bsp.a(alt_errno.o)
                0x0000000010000ec4                alt_errno
 .sdata         0x0000000010000ec8        0x8 s:/altera/nios2eds/bin/gnu/h-x86_64-mingw32/bin/../lib/gcc/nios2-elf/4.9.1/../../../../../H-x86_64-mingw32/nios2-elf/lib/mno-hw-mul\libc.a(lib_a-impure.o)
                0x0000000010000ec8                _global_impure_ptr
                0x0000000010000ecc                _impure_ptr
 *(.sdata2 .sdata2.* .gnu.linkonce.s2.*)
                0x0000000010000ed0                . = ALIGN (0x4)
                0x0000000010000ed0                _edata = ABSOLUTE (.)
                0x0000000010000ed0                PROVIDE (edata, ABSOLUTE (.))
                0x0000000010000ed0                PROVIDE (__ram_rwdata_end, ABSOLUTE (.))
                0x0000000010000ed0                PROVIDE (__flash_rwdata_start, LOADADDR (.rwdata))

.bss            0x00000000100014bc       0x10
                0x00000000100014bc                __bss_start = ABSOLUTE (.)
                0x00000000100014bc                PROVIDE (__sbss_start, ABSOLUTE (.))
                0x00000000100014bc                PROVIDE (___sbss_start, ABSOLUTE (.))
 *(.dynsbss)
 *(.sbss .sbss.* .gnu.linkonce.sb.*)
 .sbss          0x00000000100014bc        0xc ../lab7_app_bsp/\libhal_bsp.a(alt_main.o)
                0x00000000100014bc                alt_argc
                0x00000000100014c0                alt_argv
                0x00000000100014c4                alt_envp
 .sbss          0x00000000100014c8        0x4 s:/altera/nios2eds/bin/gnu/h-x86_64-mingw32/bin/../lib/gcc/nios2-elf/4.9.1/../../../../../H-x86_64-mingw32/nios2-elf/lib/mno-hw-mul\libc.a(lib_a-int_errno.o)
                0x00000000100014c8                errno
 *(.sbss2 .sbss2.* .gnu.linkonce.sb2.*)
 *(.scommon)
                0x00000000100014cc                PROVIDE (__sbss_end, ABSOLUTE (.))
                0x00000000100014cc                PROVIDE (___sbss_end, ABSOLUTE (.))
 *(.dynbss)
 *(.bss .bss.* .gnu.linkonce.b.*)
 .bss           0x00000000100014cc        0x0 ../lab7_app_bsp//obj/HAL/src/crt0.o
 .bss           0x00000000100014cc        0x0 obj/default/main.o
 .bss           0x00000000100014cc        0x0 ../lab7_app_bsp/\libhal_bsp.a(alt_load.o)
 .bss           0x00000000100014cc        0x0 ../lab7_app_bsp/\libhal_bsp.a(alt_main.o)
 .bss           0x00000000100014cc        0x0 ../lab7_app_bsp/\libhal_bsp.a(alt_sys_init.o)
 .bss           0x00000000100014cc        0x0 ../lab7_app_bsp/\libhal_bsp.a(alt_close.o)
 .bss           0x00000000100014cc        0x0 ../lab7_app_bsp/\libhal_bsp.a(alt_dcache_flush_all.o)
 .bss           0x00000000100014cc        0x0 ../lab7_app_bsp/\libhal_bsp.a(alt_dev.o)
 .bss           0x00000000100014cc        0x0 ../lab7_app_bsp/\libhal_bsp.a(alt_do_ctors.o)
 .bss           0x00000000100014cc        0x0 ../lab7_app_bsp/\libhal_bsp.a(alt_do_dtors.o)
 .bss           0x00000000100014cc        0x0 ../lab7_app_bsp/\libhal_bsp.a(alt_errno.o)
 .bss           0x00000000100014cc        0x0 ../lab7_app_bsp/\libhal_bsp.a(alt_icache_flush_all.o)
 .bss           0x00000000100014cc        0x0 ../lab7_app_bsp/\libhal_bsp.a(alt_release_fd.o)
 .bss           0x00000000100014cc        0x0 ../lab7_app_bsp/\libhal_bsp.a(altera_nios2_gen2_irq.o)
 .bss           0x00000000100014cc        0x0 s:/altera/nios2eds/bin/gnu/h-x86_64-mingw32/bin/../lib/gcc/nios2-elf/4.9.1/../../../../../H-x86_64-mingw32/nios2-elf/lib/mno-hw-mul\libc.a(lib_a-atexit.o)
 .bss           0x00000000100014cc        0x0 s:/altera/nios2eds/bin/gnu/h-x86_64-mingw32/bin/../lib/gcc/nios2-elf/4.9.1/../../../../../H-x86_64-mingw32/nios2-elf/lib/mno-hw-mul\libc.a(lib_a-exit.o)
 .bss           0x00000000100014cc        0x0 s:/altera/nios2eds/bin/gnu/h-x86_64-mingw32/bin/../lib/gcc/nios2-elf/4.9.1/../../../../../H-x86_64-mingw32/nios2-elf/lib/mno-hw-mul\libc.a(lib_a-impure.o)
 .bss           0x00000000100014cc        0x0 s:/altera/nios2eds/bin/gnu/h-x86_64-mingw32/bin/../lib/gcc/nios2-elf/4.9.1/../../../../../H-x86_64-mingw32/nios2-elf/lib/mno-hw-mul\libc.a(lib_a-int_errno.o)
 .bss           0x00000000100014cc        0x0 s:/altera/nios2eds/bin/gnu/h-x86_64-mingw32/bin/../lib/gcc/nios2-elf/4.9.1/../../../../../H-x86_64-mingw32/nios2-elf/lib/mno-hw-mul\libc.a(lib_a-__atexit.o)
 .bss           0x00000000100014cc        0x0 s:/altera/nios2eds/bin/gnu/h-x86_64-mingw32/bin/../lib/gcc/nios2-elf/4.9.1/../../../../../H-x86_64-mingw32/nios2-elf/lib/mno-hw-mul\libc.a(lib_a-__call_atexit.o)
 .bss           0x00000000100014cc        0x0 s:/altera/nios2eds/bin/gnu/h-x86_64-mingw32/bin/../lib/gcc/nios2-elf/4.9.1/mno-hw-mul\libgcc.a(lib2-mul.o)
 .bss           0x00000000100014cc        0x0 ../lab7_app_bsp/\libhal_bsp.a(alt_exit.o)
 *(COMMON)
                0x00000000100014cc                . = ALIGN (0x4)
                0x00000000100014cc                __bss_end = ABSOLUTE (.)

.onchip_memory2_0
                0x0000000000000000        0x0 load address 0x00000000100014cc
                0x0000000000000000                PROVIDE (_alt_partition_onchip_memory2_0_start, ABSOLUTE (.))
 *(.onchip_memory2_0 .onchip_memory2_0. onchip_memory2_0.*)
                0x0000000000000000                . = ALIGN (0x4)
                0x0000000000000000                PROVIDE (_alt_partition_onchip_memory2_0_end, ABSOLUTE (.))
                0x00000000100014cc                PROVIDE (_alt_partition_onchip_memory2_0_load_addr, LOADADDR (.onchip_memory2_0))

.sdram          0x00000000100014cc        0x0
                0x00000000100014cc                PROVIDE (_alt_partition_sdram_start, ABSOLUTE (.))
 *(.sdram .sdram. sdram.*)
                0x00000000100014cc                . = ALIGN (0x4)
                0x00000000100014cc                PROVIDE (_alt_partition_sdram_end, ABSOLUTE (.))
                0x00000000100014cc                _end = ABSOLUTE (.)
                0x00000000100014cc                end = ABSOLUTE (.)
                0x00000000100014cc                __alt_stack_base = ABSOLUTE (.)
                0x00000000100014cc                PROVIDE (_alt_partition_sdram_load_addr, LOADADDR (.sdram))

.stab
 *(.stab)

.stabstr
 *(.stabstr)

.stab.excl
 *(.stab.excl)

.stab.exclstr
 *(.stab.exclstr)

.stab.index
 *(.stab.index)

.stab.indexstr
 *(.stab.indexstr)

.comment        0x0000000000000000       0x23
 *(.comment)
 .comment       0x0000000000000000       0x23 obj/default/main.o
                                         0x24 (size before relaxing)
 .comment       0x0000000000000000       0x24 ../lab7_app_bsp/\libhal_bsp.a(alt_load.o)
 .comment       0x0000000000000000       0x24 ../lab7_app_bsp/\libhal_bsp.a(alt_main.o)
 .comment       0x0000000000000000       0x24 ../lab7_app_bsp/\libhal_bsp.a(alt_sys_init.o)
 .comment       0x0000000000000000       0x24 ../lab7_app_bsp/\libhal_bsp.a(alt_close.o)
 .comment       0x0000000000000000       0x24 ../lab7_app_bsp/\libhal_bsp.a(alt_dcache_flush_all.o)
 .comment       0x0000000000000000       0x24 ../lab7_app_bsp/\libhal_bsp.a(alt_dev.o)
 .comment       0x0000000000000000       0x24 ../lab7_app_bsp/\libhal_bsp.a(alt_do_ctors.o)
 .comment       0x0000000000000000       0x24 ../lab7_app_bsp/\libhal_bsp.a(alt_do_dtors.o)
 .comment       0x0000000000000000       0x24 ../lab7_app_bsp/\libhal_bsp.a(alt_errno.o)
 .comment       0x0000000000000000       0x24 ../lab7_app_bsp/\libhal_bsp.a(alt_icache_flush_all.o)
 .comment       0x0000000000000000       0x24 ../lab7_app_bsp/\libhal_bsp.a(alt_release_fd.o)
 .comment       0x0000000000000000       0x24 ../lab7_app_bsp/\libhal_bsp.a(altera_nios2_gen2_irq.o)
 .comment       0x0000000000000000       0x24 s:/altera/nios2eds/bin/gnu/h-x86_64-mingw32/bin/../lib/gcc/nios2-elf/4.9.1/../../../../../H-x86_64-mingw32/nios2-elf/lib/mno-hw-mul\libc.a(lib_a-atexit.o)
 .comment       0x0000000000000000       0x24 s:/altera/nios2eds/bin/gnu/h-x86_64-mingw32/bin/../lib/gcc/nios2-elf/4.9.1/../../../../../H-x86_64-mingw32/nios2-elf/lib/mno-hw-mul\libc.a(lib_a-exit.o)
 .comment       0x0000000000000000       0x24 s:/altera/nios2eds/bin/gnu/h-x86_64-mingw32/bin/../lib/gcc/nios2-elf/4.9.1/../../../../../H-x86_64-mingw32/nios2-elf/lib/mno-hw-mul\libc.a(lib_a-impure.o)
 .comment       0x0000000000000000       0x24 s:/altera/nios2eds/bin/gnu/h-x86_64-mingw32/bin/../lib/gcc/nios2-elf/4.9.1/../../../../../H-x86_64-mingw32/nios2-elf/lib/mno-hw-mul\libc.a(lib_a-int_errno.o)
 .comment       0x0000000000000000       0x24 s:/altera/nios2eds/bin/gnu/h-x86_64-mingw32/bin/../lib/gcc/nios2-elf/4.9.1/../../../../../H-x86_64-mingw32/nios2-elf/lib/mno-hw-mul\libc.a(lib_a-__atexit.o)
 .comment       0x0000000000000000       0x24 s:/altera/nios2eds/bin/gnu/h-x86_64-mingw32/bin/../lib/gcc/nios2-elf/4.9.1/../../../../../H-x86_64-mingw32/nios2-elf/lib/mno-hw-mul\libc.a(lib_a-__call_atexit.o)
 .comment       0x0000000000000000       0x24 s:/altera/nios2eds/bin/gnu/h-x86_64-mingw32/bin/../lib/gcc/nios2-elf/4.9.1/mno-hw-mul\libgcc.a(lib2-mul.o)
 .comment       0x0000000000000000       0x24 ../lab7_app_bsp/\libhal_bsp.a(alt_exit.o)

.debug
 *(.debug)

.line
 *(.line)

.debug_srcinfo
 *(.debug_srcinfo)

.debug_sfnames
 *(.debug_sfnames)

.debug_aranges  0x0000000000000000      0x2b0
 *(.debug_aranges)
 .debug_aranges
                0x0000000000000000       0x28 ../lab7_app_bsp//obj/HAL/src/crt0.o
 .debug_aranges
                0x0000000000000028       0x20 obj/default/main.o
 .debug_aranges
                0x0000000000000048       0x20 ../lab7_app_bsp/\libhal_bsp.a(alt_load.o)
 .debug_aranges
                0x0000000000000068       0x20 ../lab7_app_bsp/\libhal_bsp.a(alt_main.o)
 .debug_aranges
                0x0000000000000088       0x20 ../lab7_app_bsp/\libhal_bsp.a(alt_sys_init.o)
 .debug_aranges
                0x00000000000000a8       0x20 ../lab7_app_bsp/\libhal_bsp.a(alt_close.o)
 .debug_aranges
                0x00000000000000c8       0x20 ../lab7_app_bsp/\libhal_bsp.a(alt_dcache_flush_all.o)
 .debug_aranges
                0x00000000000000e8       0x20 ../lab7_app_bsp/\libhal_bsp.a(alt_dev.o)
 .debug_aranges
                0x0000000000000108       0x20 ../lab7_app_bsp/\libhal_bsp.a(alt_do_ctors.o)
 .debug_aranges
                0x0000000000000128       0x20 ../lab7_app_bsp/\libhal_bsp.a(alt_do_dtors.o)
 .debug_aranges
                0x0000000000000148       0x18 ../lab7_app_bsp/\libhal_bsp.a(alt_errno.o)
 .debug_aranges
                0x0000000000000160       0x20 ../lab7_app_bsp/\libhal_bsp.a(alt_icache_flush_all.o)
 .debug_aranges
                0x0000000000000180       0x20 ../lab7_app_bsp/\libhal_bsp.a(alt_release_fd.o)
 .debug_aranges
                0x00000000000001a0       0x20 ../lab7_app_bsp/\libhal_bsp.a(altera_nios2_gen2_irq.o)
 .debug_aranges
                0x00000000000001c0       0x20 s:/altera/nios2eds/bin/gnu/h-x86_64-mingw32/bin/../lib/gcc/nios2-elf/4.9.1/../../../../../H-x86_64-mingw32/nios2-elf/lib/mno-hw-mul\libc.a(lib_a-atexit.o)
 .debug_aranges
                0x00000000000001e0       0x20 s:/altera/nios2eds/bin/gnu/h-x86_64-mingw32/bin/../lib/gcc/nios2-elf/4.9.1/../../../../../H-x86_64-mingw32/nios2-elf/lib/mno-hw-mul\libc.a(lib_a-exit.o)
 .debug_aranges
                0x0000000000000200       0x18 s:/altera/nios2eds/bin/gnu/h-x86_64-mingw32/bin/../lib/gcc/nios2-elf/4.9.1/../../../../../H-x86_64-mingw32/nios2-elf/lib/mno-hw-mul\libc.a(lib_a-impure.o)
 .debug_aranges
                0x0000000000000218       0x18 s:/altera/nios2eds/bin/gnu/h-x86_64-mingw32/bin/../lib/gcc/nios2-elf/4.9.1/../../../../../H-x86_64-mingw32/nios2-elf/lib/mno-hw-mul\libc.a(lib_a-int_errno.o)
 .debug_aranges
                0x0000000000000230       0x20 s:/altera/nios2eds/bin/gnu/h-x86_64-mingw32/bin/../lib/gcc/nios2-elf/4.9.1/../../../../../H-x86_64-mingw32/nios2-elf/lib/mno-hw-mul\libc.a(lib_a-__atexit.o)
 .debug_aranges
                0x0000000000000250       0x20 s:/altera/nios2eds/bin/gnu/h-x86_64-mingw32/bin/../lib/gcc/nios2-elf/4.9.1/../../../../../H-x86_64-mingw32/nios2-elf/lib/mno-hw-mul\libc.a(lib_a-__call_atexit.o)
 .debug_aranges
                0x0000000000000270       0x20 s:/altera/nios2eds/bin/gnu/h-x86_64-mingw32/bin/../lib/gcc/nios2-elf/4.9.1/mno-hw-mul\libgcc.a(lib2-mul.o)
 .debug_aranges
                0x0000000000000290       0x20 ../lab7_app_bsp/\libhal_bsp.a(alt_exit.o)

.debug_pubnames
 *(.debug_pubnames)

.debug_info     0x0000000000000000     0x399d
 *(.debug_info .gnu.linkonce.wi.*)
 .debug_info    0x0000000000000000       0x71 ../lab7_app_bsp//obj/HAL/src/crt0.o
 .debug_info    0x0000000000000071       0x9f obj/default/main.o
 .debug_info    0x0000000000000110      0x13e ../lab7_app_bsp/\libhal_bsp.a(alt_load.o)
 .debug_info    0x000000000000024e      0x150 ../lab7_app_bsp/\libhal_bsp.a(alt_main.o)
 .debug_info    0x000000000000039e       0xf3 ../lab7_app_bsp/\libhal_bsp.a(alt_sys_init.o)
 .debug_info    0x0000000000000491      0x31a ../lab7_app_bsp/\libhal_bsp.a(alt_close.o)
 .debug_info    0x00000000000007ab       0x8b ../lab7_app_bsp/\libhal_bsp.a(alt_dcache_flush_all.o)
 .debug_info    0x0000000000000836      0x495 ../lab7_app_bsp/\libhal_bsp.a(alt_dev.o)
 .debug_info    0x0000000000000ccb       0x83 ../lab7_app_bsp/\libhal_bsp.a(alt_do_ctors.o)
 .debug_info    0x0000000000000d4e       0x83 ../lab7_app_bsp/\libhal_bsp.a(alt_do_dtors.o)
 .debug_info    0x0000000000000dd1       0x9f ../lab7_app_bsp/\libhal_bsp.a(alt_errno.o)
 .debug_info    0x0000000000000e70       0x8b ../lab7_app_bsp/\libhal_bsp.a(alt_icache_flush_all.o)
 .debug_info    0x0000000000000efb      0x2b0 ../lab7_app_bsp/\libhal_bsp.a(alt_release_fd.o)
 .debug_info    0x00000000000011ab       0xb1 ../lab7_app_bsp/\libhal_bsp.a(altera_nios2_gen2_irq.o)
 .debug_info    0x000000000000125c      0x10a s:/altera/nios2eds/bin/gnu/h-x86_64-mingw32/bin/../lib/gcc/nios2-elf/4.9.1/../../../../../H-x86_64-mingw32/nios2-elf/lib/mno-hw-mul\libc.a(lib_a-atexit.o)
 .debug_info    0x0000000000001366      0x8df s:/altera/nios2eds/bin/gnu/h-x86_64-mingw32/bin/../lib/gcc/nios2-elf/4.9.1/../../../../../H-x86_64-mingw32/nios2-elf/lib/mno-hw-mul\libc.a(lib_a-exit.o)
 .debug_info    0x0000000000001c45      0x88f s:/altera/nios2eds/bin/gnu/h-x86_64-mingw32/bin/../lib/gcc/nios2-elf/4.9.1/../../../../../H-x86_64-mingw32/nios2-elf/lib/mno-hw-mul\libc.a(lib_a-impure.o)
 .debug_info    0x00000000000024d4       0x83 s:/altera/nios2eds/bin/gnu/h-x86_64-mingw32/bin/../lib/gcc/nios2-elf/4.9.1/../../../../../H-x86_64-mingw32/nios2-elf/lib/mno-hw-mul\libc.a(lib_a-int_errno.o)
 .debug_info    0x0000000000002557      0x93b s:/altera/nios2eds/bin/gnu/h-x86_64-mingw32/bin/../lib/gcc/nios2-elf/4.9.1/../../../../../H-x86_64-mingw32/nios2-elf/lib/mno-hw-mul\libc.a(lib_a-__atexit.o)
 .debug_info    0x0000000000002e92      0x948 s:/altera/nios2eds/bin/gnu/h-x86_64-mingw32/bin/../lib/gcc/nios2-elf/4.9.1/../../../../../H-x86_64-mingw32/nios2-elf/lib/mno-hw-mul\libc.a(lib_a-__call_atexit.o)
 .debug_info    0x00000000000037da       0xb4 s:/altera/nios2eds/bin/gnu/h-x86_64-mingw32/bin/../lib/gcc/nios2-elf/4.9.1/mno-hw-mul\libgcc.a(lib2-mul.o)
 .debug_info    0x000000000000388e      0x10f ../lab7_app_bsp/\libhal_bsp.a(alt_exit.o)

.debug_abbrev   0x0000000000000000     0x116c
 *(.debug_abbrev)
 .debug_abbrev  0x0000000000000000       0x12 ../lab7_app_bsp//obj/HAL/src/crt0.o
 .debug_abbrev  0x0000000000000012       0x72 obj/default/main.o
 .debug_abbrev  0x0000000000000084       0x9f ../lab7_app_bsp/\libhal_bsp.a(alt_load.o)
 .debug_abbrev  0x0000000000000123       0xc1 ../lab7_app_bsp/\libhal_bsp.a(alt_main.o)
 .debug_abbrev  0x00000000000001e4       0xbc ../lab7_app_bsp/\libhal_bsp.a(alt_sys_init.o)
 .debug_abbrev  0x00000000000002a0      0x11f ../lab7_app_bsp/\libhal_bsp.a(alt_close.o)
 .debug_abbrev  0x00000000000003bf       0x42 ../lab7_app_bsp/\libhal_bsp.a(alt_dcache_flush_all.o)
 .debug_abbrev  0x0000000000000401       0xd9 ../lab7_app_bsp/\libhal_bsp.a(alt_dev.o)
 .debug_abbrev  0x00000000000004da       0x79 ../lab7_app_bsp/\libhal_bsp.a(alt_do_ctors.o)
 .debug_abbrev  0x0000000000000553       0x79 ../lab7_app_bsp/\libhal_bsp.a(alt_do_dtors.o)
 .debug_abbrev  0x00000000000005cc       0x5a ../lab7_app_bsp/\libhal_bsp.a(alt_errno.o)
 .debug_abbrev  0x0000000000000626       0x42 ../lab7_app_bsp/\libhal_bsp.a(alt_icache_flush_all.o)
 .debug_abbrev  0x0000000000000668       0xde ../lab7_app_bsp/\libhal_bsp.a(alt_release_fd.o)
 .debug_abbrev  0x0000000000000746       0x67 ../lab7_app_bsp/\libhal_bsp.a(altera_nios2_gen2_irq.o)
 .debug_abbrev  0x00000000000007ad       0xb8 s:/altera/nios2eds/bin/gnu/h-x86_64-mingw32/bin/../lib/gcc/nios2-elf/4.9.1/../../../../../H-x86_64-mingw32/nios2-elf/lib/mno-hw-mul\libc.a(lib_a-atexit.o)
 .debug_abbrev  0x0000000000000865      0x1e6 s:/altera/nios2eds/bin/gnu/h-x86_64-mingw32/bin/../lib/gcc/nios2-elf/4.9.1/../../../../../H-x86_64-mingw32/nios2-elf/lib/mno-hw-mul\libc.a(lib_a-exit.o)
 .debug_abbrev  0x0000000000000a4b      0x180 s:/altera/nios2eds/bin/gnu/h-x86_64-mingw32/bin/../lib/gcc/nios2-elf/4.9.1/../../../../../H-x86_64-mingw32/nios2-elf/lib/mno-hw-mul\libc.a(lib_a-impure.o)
 .debug_abbrev  0x0000000000000bcb       0x37 s:/altera/nios2eds/bin/gnu/h-x86_64-mingw32/bin/../lib/gcc/nios2-elf/4.9.1/../../../../../H-x86_64-mingw32/nios2-elf/lib/mno-hw-mul\libc.a(lib_a-int_errno.o)
 .debug_abbrev  0x0000000000000c02      0x21e s:/altera/nios2eds/bin/gnu/h-x86_64-mingw32/bin/../lib/gcc/nios2-elf/4.9.1/../../../../../H-x86_64-mingw32/nios2-elf/lib/mno-hw-mul\libc.a(lib_a-__atexit.o)
 .debug_abbrev  0x0000000000000e20      0x210 s:/altera/nios2eds/bin/gnu/h-x86_64-mingw32/bin/../lib/gcc/nios2-elf/4.9.1/../../../../../H-x86_64-mingw32/nios2-elf/lib/mno-hw-mul\libc.a(lib_a-__call_atexit.o)
 .debug_abbrev  0x0000000000001030       0x6f s:/altera/nios2eds/bin/gnu/h-x86_64-mingw32/bin/../lib/gcc/nios2-elf/4.9.1/mno-hw-mul\libgcc.a(lib2-mul.o)
 .debug_abbrev  0x000000000000109f       0xcd ../lab7_app_bsp/\libhal_bsp.a(alt_exit.o)

.debug_line     0x0000000000000000     0x1218
 *(.debug_line)
 .debug_line    0x0000000000000000       0x66 ../lab7_app_bsp//obj/HAL/src/crt0.o
 .debug_line    0x0000000000000066       0x4c obj/default/main.o
 .debug_line    0x00000000000000b2       0x8d ../lab7_app_bsp/\libhal_bsp.a(alt_load.o)
 .debug_line    0x000000000000013f       0xcd ../lab7_app_bsp/\libhal_bsp.a(alt_main.o)
 .debug_line    0x000000000000020c       0xa8 ../lab7_app_bsp/\libhal_bsp.a(alt_sys_init.o)
 .debug_line    0x00000000000002b4      0x159 ../lab7_app_bsp/\libhal_bsp.a(alt_close.o)
 .debug_line    0x000000000000040d       0x51 ../lab7_app_bsp/\libhal_bsp.a(alt_dcache_flush_all.o)
 .debug_line    0x000000000000045e       0xeb ../lab7_app_bsp/\libhal_bsp.a(alt_dev.o)
 .debug_line    0x0000000000000549       0x59 ../lab7_app_bsp/\libhal_bsp.a(alt_do_ctors.o)
 .debug_line    0x00000000000005a2       0x59 ../lab7_app_bsp/\libhal_bsp.a(alt_do_dtors.o)
 .debug_line    0x00000000000005fb       0x51 ../lab7_app_bsp/\libhal_bsp.a(alt_errno.o)
 .debug_line    0x000000000000064c       0x4f ../lab7_app_bsp/\libhal_bsp.a(alt_icache_flush_all.o)
 .debug_line    0x000000000000069b       0xb0 ../lab7_app_bsp/\libhal_bsp.a(alt_release_fd.o)
 .debug_line    0x000000000000074b       0x8d ../lab7_app_bsp/\libhal_bsp.a(altera_nios2_gen2_irq.o)
 .debug_line    0x00000000000007d8       0xe9 s:/altera/nios2eds/bin/gnu/h-x86_64-mingw32/bin/../lib/gcc/nios2-elf/4.9.1/../../../../../H-x86_64-mingw32/nios2-elf/lib/mno-hw-mul\libc.a(lib_a-atexit.o)
 .debug_line    0x00000000000008c1      0x1fd s:/altera/nios2eds/bin/gnu/h-x86_64-mingw32/bin/../lib/gcc/nios2-elf/4.9.1/../../../../../H-x86_64-mingw32/nios2-elf/lib/mno-hw-mul\libc.a(lib_a-exit.o)
 .debug_line    0x0000000000000abe      0x162 s:/altera/nios2eds/bin/gnu/h-x86_64-mingw32/bin/../lib/gcc/nios2-elf/4.9.1/../../../../../H-x86_64-mingw32/nios2-elf/lib/mno-hw-mul\libc.a(lib_a-impure.o)
 .debug_line    0x0000000000000c20       0x60 s:/altera/nios2eds/bin/gnu/h-x86_64-mingw32/bin/../lib/gcc/nios2-elf/4.9.1/../../../../../H-x86_64-mingw32/nios2-elf/lib/mno-hw-mul\libc.a(lib_a-int_errno.o)
 .debug_line    0x0000000000000c80      0x227 s:/altera/nios2eds/bin/gnu/h-x86_64-mingw32/bin/../lib/gcc/nios2-elf/4.9.1/../../../../../H-x86_64-mingw32/nios2-elf/lib/mno-hw-mul\libc.a(lib_a-__atexit.o)
 .debug_line    0x0000000000000ea7      0x244 s:/altera/nios2eds/bin/gnu/h-x86_64-mingw32/bin/../lib/gcc/nios2-elf/4.9.1/../../../../../H-x86_64-mingw32/nios2-elf/lib/mno-hw-mul\libc.a(lib_a-__call_atexit.o)
 .debug_line    0x00000000000010eb       0x80 s:/altera/nios2eds/bin/gnu/h-x86_64-mingw32/bin/../lib/gcc/nios2-elf/4.9.1/mno-hw-mul\libgcc.a(lib2-mul.o)
 .debug_line    0x000000000000116b       0xad ../lab7_app_bsp/\libhal_bsp.a(alt_exit.o)

.debug_frame    0x0000000000000000      0x40c
 *(.debug_frame)
 .debug_frame   0x0000000000000000       0x2c obj/default/main.o
 .debug_frame   0x000000000000002c       0x5c ../lab7_app_bsp/\libhal_bsp.a(alt_load.o)
 .debug_frame   0x0000000000000088       0x2c ../lab7_app_bsp/\libhal_bsp.a(alt_main.o)
 .debug_frame   0x00000000000000b4       0x5c ../lab7_app_bsp/\libhal_bsp.a(alt_sys_init.o)
 .debug_frame   0x0000000000000110       0x60 ../lab7_app_bsp/\libhal_bsp.a(alt_close.o)
 .debug_frame   0x0000000000000170       0x34 ../lab7_app_bsp/\libhal_bsp.a(alt_dcache_flush_all.o)
 .debug_frame   0x00000000000001a4       0x34 ../lab7_app_bsp/\libhal_bsp.a(alt_dev.o)
 .debug_frame   0x00000000000001d8       0x38 ../lab7_app_bsp/\libhal_bsp.a(alt_do_ctors.o)
 .debug_frame   0x0000000000000210       0x38 ../lab7_app_bsp/\libhal_bsp.a(alt_do_dtors.o)
 .debug_frame   0x0000000000000248       0x34 ../lab7_app_bsp/\libhal_bsp.a(alt_icache_flush_all.o)
 .debug_frame   0x000000000000027c       0x3c ../lab7_app_bsp/\libhal_bsp.a(alt_release_fd.o)
 .debug_frame   0x00000000000002b8       0x34 ../lab7_app_bsp/\libhal_bsp.a(altera_nios2_gen2_irq.o)
 .debug_frame   0x00000000000002ec       0x20 s:/altera/nios2eds/bin/gnu/h-x86_64-mingw32/bin/../lib/gcc/nios2-elf/4.9.1/../../../../../H-x86_64-mingw32/nios2-elf/lib/mno-hw-mul\libc.a(lib_a-atexit.o)
 .debug_frame   0x000000000000030c       0x28 s:/altera/nios2eds/bin/gnu/h-x86_64-mingw32/bin/../lib/gcc/nios2-elf/4.9.1/../../../../../H-x86_64-mingw32/nios2-elf/lib/mno-hw-mul\libc.a(lib_a-exit.o)
 .debug_frame   0x0000000000000334       0x38 s:/altera/nios2eds/bin/gnu/h-x86_64-mingw32/bin/../lib/gcc/nios2-elf/4.9.1/../../../../../H-x86_64-mingw32/nios2-elf/lib/mno-hw-mul\libc.a(lib_a-__atexit.o)
 .debug_frame   0x000000000000036c       0x54 s:/altera/nios2eds/bin/gnu/h-x86_64-mingw32/bin/../lib/gcc/nios2-elf/4.9.1/../../../../../H-x86_64-mingw32/nios2-elf/lib/mno-hw-mul\libc.a(lib_a-__call_atexit.o)
 .debug_frame   0x00000000000003c0       0x20 s:/altera/nios2eds/bin/gnu/h-x86_64-mingw32/bin/../lib/gcc/nios2-elf/4.9.1/mno-hw-mul\libgcc.a(lib2-mul.o)
 .debug_frame   0x00000000000003e0       0x2c ../lab7_app_bsp/\libhal_bsp.a(alt_exit.o)

.debug_str      0x0000000000000000      0xe6d
 *(.debug_str)
 .debug_str     0x0000000000000000       0x8d obj/default/main.o
                                         0xa6 (size before relaxing)
 .debug_str     0x000000000000008d      0x187 ../lab7_app_bsp/\libhal_bsp.a(alt_load.o)
                                        0x1f8 (size before relaxing)
 .debug_str     0x0000000000000214       0x91 ../lab7_app_bsp/\libhal_bsp.a(alt_main.o)
                                        0x1ac (size before relaxing)
 .debug_str     0x00000000000002a5       0x47 ../lab7_app_bsp/\libhal_bsp.a(alt_sys_init.o)
                                        0x17c (size before relaxing)
 .debug_str     0x00000000000002ec       0x97 ../lab7_app_bsp/\libhal_bsp.a(alt_close.o)
                                        0x1f1 (size before relaxing)
 .debug_str     0x0000000000000383       0x34 ../lab7_app_bsp/\libhal_bsp.a(alt_dcache_flush_all.o)
                                        0x13b (size before relaxing)
 .debug_str     0x00000000000003b7      0x120 ../lab7_app_bsp/\libhal_bsp.a(alt_dev.o)
                                        0x2eb (size before relaxing)
 .debug_str     0x00000000000004d7       0x48 ../lab7_app_bsp/\libhal_bsp.a(alt_do_ctors.o)
                                         0xc2 (size before relaxing)
 .debug_str     0x000000000000051f       0x4c ../lab7_app_bsp/\libhal_bsp.a(alt_do_dtors.o)
                                         0xc1 (size before relaxing)
 .debug_str     0x000000000000056b       0x14 ../lab7_app_bsp/\libhal_bsp.a(alt_errno.o)
                                        0x12b (size before relaxing)
 .debug_str     0x000000000000057f       0x34 ../lab7_app_bsp/\libhal_bsp.a(alt_icache_flush_all.o)
                                        0x13b (size before relaxing)
 .debug_str     0x00000000000005b3       0x28 ../lab7_app_bsp/\libhal_bsp.a(alt_release_fd.o)
                                        0x1c5 (size before relaxing)
 .debug_str     0x00000000000005db       0x3b ../lab7_app_bsp/\libhal_bsp.a(altera_nios2_gen2_irq.o)
                                        0x16b (size before relaxing)
 .debug_str     0x0000000000000616      0x14c s:/altera/nios2eds/bin/gnu/h-x86_64-mingw32/bin/../lib/gcc/nios2-elf/4.9.1/../../../../../H-x86_64-mingw32/nios2-elf/lib/mno-hw-mul\libc.a(lib_a-atexit.o)
                                        0x1e5 (size before relaxing)
 .debug_str     0x0000000000000762      0x3d7 s:/altera/nios2eds/bin/gnu/h-x86_64-mingw32/bin/../lib/gcc/nios2-elf/4.9.1/../../../../../H-x86_64-mingw32/nios2-elf/lib/mno-hw-mul\libc.a(lib_a-exit.o)
                                        0x57b (size before relaxing)
 .debug_str     0x0000000000000b39       0xd7 s:/altera/nios2eds/bin/gnu/h-x86_64-mingw32/bin/../lib/gcc/nios2-elf/4.9.1/../../../../../H-x86_64-mingw32/nios2-elf/lib/mno-hw-mul\libc.a(lib_a-impure.o)
                                        0x572 (size before relaxing)
 .debug_str     0x0000000000000c10       0x40 s:/altera/nios2eds/bin/gnu/h-x86_64-mingw32/bin/../lib/gcc/nios2-elf/4.9.1/../../../../../H-x86_64-mingw32/nios2-elf/lib/mno-hw-mul\libc.a(lib_a-int_errno.o)
                                        0x1a1 (size before relaxing)
 .debug_str     0x0000000000000c50       0x55 s:/altera/nios2eds/bin/gnu/h-x86_64-mingw32/bin/../lib/gcc/nios2-elf/4.9.1/../../../../../H-x86_64-mingw32/nios2-elf/lib/mno-hw-mul\libc.a(lib_a-__atexit.o)
                                        0x5c8 (size before relaxing)
 .debug_str     0x0000000000000ca5       0x58 s:/altera/nios2eds/bin/gnu/h-x86_64-mingw32/bin/../lib/gcc/nios2-elf/4.9.1/../../../../../H-x86_64-mingw32/nios2-elf/lib/mno-hw-mul\libc.a(lib_a-__call_atexit.o)
                                        0x591 (size before relaxing)
 .debug_str     0x0000000000000cfd      0x146 s:/altera/nios2eds/bin/gnu/h-x86_64-mingw32/bin/../lib/gcc/nios2-elf/4.9.1/mno-hw-mul\libgcc.a(lib2-mul.o)
                                        0x191 (size before relaxing)
 .debug_str     0x0000000000000e43       0x2a ../lab7_app_bsp/\libhal_bsp.a(alt_exit.o)
                                        0x160 (size before relaxing)

.debug_loc      0x0000000000000000      0x408
 *(.debug_loc)
 .debug_loc     0x0000000000000000       0x2c s:/altera/nios2eds/bin/gnu/h-x86_64-mingw32/bin/../lib/gcc/nios2-elf/4.9.1/../../../../../H-x86_64-mingw32/nios2-elf/lib/mno-hw-mul\libc.a(lib_a-atexit.o)
 .debug_loc     0x000000000000002c       0x1e s:/altera/nios2eds/bin/gnu/h-x86_64-mingw32/bin/../lib/gcc/nios2-elf/4.9.1/../../../../../H-x86_64-mingw32/nios2-elf/lib/mno-hw-mul\libc.a(lib_a-exit.o)
 .debug_loc     0x000000000000004a      0x185 s:/altera/nios2eds/bin/gnu/h-x86_64-mingw32/bin/../lib/gcc/nios2-elf/4.9.1/../../../../../H-x86_64-mingw32/nios2-elf/lib/mno-hw-mul\libc.a(lib_a-__atexit.o)
 .debug_loc     0x00000000000001cf      0x1a6 s:/altera/nios2eds/bin/gnu/h-x86_64-mingw32/bin/../lib/gcc/nios2-elf/4.9.1/../../../../../H-x86_64-mingw32/nios2-elf/lib/mno-hw-mul\libc.a(lib_a-__call_atexit.o)
 .debug_loc     0x0000000000000375       0x93 s:/altera/nios2eds/bin/gnu/h-x86_64-mingw32/bin/../lib/gcc/nios2-elf/4.9.1/mno-hw-mul\libgcc.a(lib2-mul.o)

.debug_macinfo
 *(.debug_macinfo)

.debug_weaknames
 *(.debug_weaknames)

.debug_funcnames
 *(.debug_funcnames)

.debug_typenames
 *(.debug_typenames)

.debug_varnames
 *(.debug_varnames)

.debug_alt_sim_info
                0x0000000000000000       0x10
 *(.debug_alt_sim_info)
 .debug_alt_sim_info
                0x0000000000000000       0x10 ../lab7_app_bsp//obj/HAL/src/crt0.o
                0x0000000018000000                __alt_data_end = 0x18000000
                0x0000000018000000                PROVIDE (__alt_stack_pointer, __alt_data_end)
                0x00000000100014cc                PROVIDE (__alt_stack_limit, __alt_stack_base)
                0x00000000100014cc                PROVIDE (__alt_heap_start, end)
                0x0000000018000000                PROVIDE (__alt_heap_limit, 0x18000000)
OUTPUT(lab7_app.elf elf32-littlenios2)

.debug_ranges   0x0000000000000000       0x38
 .debug_ranges  0x0000000000000000       0x20 ../lab7_app_bsp//obj/HAL/src/crt0.o
 .debug_ranges  0x0000000000000020       0x18 s:/altera/nios2eds/bin/gnu/h-x86_64-mingw32/bin/../lib/gcc/nios2-elf/4.9.1/../../../../../H-x86_64-mingw32/nios2-elf/lib/mno-hw-mul\libc.a(lib_a-__call_atexit.o)
