Archive member included to satisfy reference by file (symbol)

../lab9_bsp/\libhal_bsp.a(alt_load.o)
                              ../lab9_bsp//obj/HAL/src/crt0.o (alt_load)
../lab9_bsp/\libhal_bsp.a(alt_main.o)
                              ../lab9_bsp//obj/HAL/src/crt0.o (alt_main)
../lab9_bsp/\libhal_bsp.a(alt_sys_init.o)
                              ../lab9_bsp/\libhal_bsp.a(alt_main.o) (alt_irq_init)
../lab9_bsp/\libhal_bsp.a(altera_avalon_jtag_uart_fd.o)
                              ../lab9_bsp/\libhal_bsp.a(alt_sys_init.o) (altera_avalon_jtag_uart_read_fd)
../lab9_bsp/\libhal_bsp.a(altera_avalon_jtag_uart_init.o)
                              ../lab9_bsp/\libhal_bsp.a(alt_sys_init.o) (altera_avalon_jtag_uart_init)
../lab9_bsp/\libhal_bsp.a(altera_avalon_jtag_uart_ioctl.o)
                              ../lab9_bsp/\libhal_bsp.a(altera_avalon_jtag_uart_fd.o) (altera_avalon_jtag_uart_ioctl)
../lab9_bsp/\libhal_bsp.a(altera_avalon_jtag_uart_read.o)
                              ../lab9_bsp/\libhal_bsp.a(altera_avalon_jtag_uart_fd.o) (altera_avalon_jtag_uart_read)
../lab9_bsp/\libhal_bsp.a(altera_avalon_jtag_uart_write.o)
                              ../lab9_bsp/\libhal_bsp.a(altera_avalon_jtag_uart_fd.o) (altera_avalon_jtag_uart_write)
../lab9_bsp/\libhal_bsp.a(alt_alarm_start.o)
                              ../lab9_bsp/\libhal_bsp.a(altera_avalon_jtag_uart_init.o) (alt_alarm_start)
../lab9_bsp/\libhal_bsp.a(alt_close.o)
                              ../lab9_bsp/\libhal_bsp.a(alt_main.o) (close)
../lab9_bsp/\libhal_bsp.a(alt_dcache_flush_all.o)
                              ../lab9_bsp/\libhal_bsp.a(alt_load.o) (alt_dcache_flush_all)
../lab9_bsp/\libhal_bsp.a(alt_dev.o)
                              ../lab9_bsp/\libhal_bsp.a(alt_sys_init.o) (alt_dev_list)
../lab9_bsp/\libhal_bsp.a(alt_dev_llist_insert.o)
                              ../lab9_bsp/\libhal_bsp.a(alt_sys_init.o) (alt_dev_llist_insert)
../lab9_bsp/\libhal_bsp.a(alt_do_ctors.o)
                              ../lab9_bsp/\libhal_bsp.a(alt_main.o) (_do_ctors)
../lab9_bsp/\libhal_bsp.a(alt_do_dtors.o)
                              ../lab9_bsp/\libhal_bsp.a(alt_main.o) (_do_dtors)
../lab9_bsp/\libhal_bsp.a(alt_errno.o)
                              ../lab9_bsp/\libhal_bsp.a(alt_close.o) (alt_errno)
../lab9_bsp/\libhal_bsp.a(alt_icache_flush_all.o)
                              ../lab9_bsp/\libhal_bsp.a(alt_load.o) (alt_icache_flush_all)
../lab9_bsp/\libhal_bsp.a(alt_iic.o)
                              ../lab9_bsp/\libhal_bsp.a(altera_avalon_jtag_uart_init.o) (alt_ic_isr_register)
../lab9_bsp/\libhal_bsp.a(alt_iic_isr_register.o)
                              ../lab9_bsp/\libhal_bsp.a(alt_iic.o) (alt_iic_isr_register)
../lab9_bsp/\libhal_bsp.a(alt_io_redirect.o)
                              ../lab9_bsp/\libhal_bsp.a(alt_main.o) (alt_io_redirect)
../lab9_bsp/\libhal_bsp.a(alt_irq_entry.o)
                              ../lab9_bsp/\libhal_bsp.a(alt_iic_isr_register.o) (alt_irq_entry)
../lab9_bsp/\libhal_bsp.a(alt_irq_handler.o)
                              ../lab9_bsp/\libhal_bsp.a(alt_iic_isr_register.o) (alt_irq)
../lab9_bsp/\libhal_bsp.a(alt_irq_vars.o)
                              ../lab9_bsp/\libhal_bsp.a(alt_iic.o) (alt_irq_active)
../lab9_bsp/\libhal_bsp.a(alt_open.o)
                              ../lab9_bsp/\libhal_bsp.a(alt_io_redirect.o) (open)
../lab9_bsp/\libhal_bsp.a(alt_release_fd.o)
                              ../lab9_bsp/\libhal_bsp.a(alt_close.o) (alt_release_fd)
../lab9_bsp/\libhal_bsp.a(alt_tick.o)
                              ../lab9_bsp/\libhal_bsp.a(altera_avalon_jtag_uart_init.o) (_alt_tick_rate)
../lab9_bsp/\libhal_bsp.a(altera_nios2_gen2_irq.o)
                              ../lab9_bsp/\libhal_bsp.a(alt_sys_init.o) (altera_nios2_gen2_irq_init)
../lab9_bsp/\libhal_bsp.a(alt_exception_entry.o)
                              ../lab9_bsp/\libhal_bsp.a(alt_irq_entry.o) (alt_exception)
../lab9_bsp/\libhal_bsp.a(alt_find_dev.o)
                              ../lab9_bsp/\libhal_bsp.a(alt_open.o) (alt_find_dev)
../lab9_bsp/\libhal_bsp.a(alt_find_file.o)
                              ../lab9_bsp/\libhal_bsp.a(alt_open.o) (alt_find_file)
../lab9_bsp/\libhal_bsp.a(alt_get_fd.o)
                              ../lab9_bsp/\libhal_bsp.a(alt_open.o) (alt_get_fd)
../lab9_bsp/\libhal_bsp.a(alt_instruction_exception_entry.o)
                              ../lab9_bsp/\libhal_bsp.a(alt_exception_entry.o) (alt_instruction_exception_entry)
s:/altera/nios2eds/bin/gnu/h-x86_64-mingw32/bin/../lib/gcc/nios2-elf/4.9.1/../../../../../H-x86_64-mingw32/nios2-elf/lib/mno-hw-mul\libc.a(lib_a-atexit.o)
                              ../lab9_bsp/\libhal_bsp.a(alt_main.o) (atexit)
s:/altera/nios2eds/bin/gnu/h-x86_64-mingw32/bin/../lib/gcc/nios2-elf/4.9.1/../../../../../H-x86_64-mingw32/nios2-elf/lib/mno-hw-mul\libc.a(lib_a-exit.o)
                              ../lab9_bsp/\libhal_bsp.a(alt_main.o) (exit)
s:/altera/nios2eds/bin/gnu/h-x86_64-mingw32/bin/../lib/gcc/nios2-elf/4.9.1/../../../../../H-x86_64-mingw32/nios2-elf/lib/mno-hw-mul\libc.a(lib_a-impure.o)
                              s:/altera/nios2eds/bin/gnu/h-x86_64-mingw32/bin/../lib/gcc/nios2-elf/4.9.1/../../../../../H-x86_64-mingw32/nios2-elf/lib/mno-hw-mul\libc.a(lib_a-exit.o) (_global_impure_ptr)
s:/altera/nios2eds/bin/gnu/h-x86_64-mingw32/bin/../lib/gcc/nios2-elf/4.9.1/../../../../../H-x86_64-mingw32/nios2-elf/lib/mno-hw-mul\libc.a(lib_a-int_errno.o)
                              ../lab9_bsp/\libhal_bsp.a(alt_close.o) (errno)
s:/altera/nios2eds/bin/gnu/h-x86_64-mingw32/bin/../lib/gcc/nios2-elf/4.9.1/../../../../../H-x86_64-mingw32/nios2-elf/lib/mno-hw-mul\libc.a(lib_a-memcmp.o)
                              ../lab9_bsp/\libhal_bsp.a(alt_find_dev.o) (memcmp)
s:/altera/nios2eds/bin/gnu/h-x86_64-mingw32/bin/../lib/gcc/nios2-elf/4.9.1/../../../../../H-x86_64-mingw32/nios2-elf/lib/mno-hw-mul\libc.a(lib_a-memcpy.o)
                              ../lab9_bsp/\libhal_bsp.a(altera_avalon_jtag_uart_read.o) (memcpy)
s:/altera/nios2eds/bin/gnu/h-x86_64-mingw32/bin/../lib/gcc/nios2-elf/4.9.1/../../../../../H-x86_64-mingw32/nios2-elf/lib/mno-hw-mul\libc.a(lib_a-strlen.o)
                              ../lab9_bsp/\libhal_bsp.a(alt_find_dev.o) (strlen)
s:/altera/nios2eds/bin/gnu/h-x86_64-mingw32/bin/../lib/gcc/nios2-elf/4.9.1/../../../../../H-x86_64-mingw32/nios2-elf/lib/mno-hw-mul\libc.a(lib_a-__atexit.o)
                              s:/altera/nios2eds/bin/gnu/h-x86_64-mingw32/bin/../lib/gcc/nios2-elf/4.9.1/../../../../../H-x86_64-mingw32/nios2-elf/lib/mno-hw-mul\libc.a(lib_a-atexit.o) (__register_exitproc)
s:/altera/nios2eds/bin/gnu/h-x86_64-mingw32/bin/../lib/gcc/nios2-elf/4.9.1/../../../../../H-x86_64-mingw32/nios2-elf/lib/mno-hw-mul\libc.a(lib_a-__call_atexit.o)
                              s:/altera/nios2eds/bin/gnu/h-x86_64-mingw32/bin/../lib/gcc/nios2-elf/4.9.1/../../../../../H-x86_64-mingw32/nios2-elf/lib/mno-hw-mul\libc.a(lib_a-exit.o) (__call_exitprocs)
s:/altera/nios2eds/bin/gnu/h-x86_64-mingw32/bin/../lib/gcc/nios2-elf/4.9.1/mno-hw-mul\libgcc.a(lib2-mul.o)
                              ../lab9_bsp/\libhal_bsp.a(alt_close.o) (__mulsi3)
../lab9_bsp/\libhal_bsp.a(alt_exit.o)
                              s:/altera/nios2eds/bin/gnu/h-x86_64-mingw32/bin/../lib/gcc/nios2-elf/4.9.1/../../../../../H-x86_64-mingw32/nios2-elf/lib/mno-hw-mul\libc.a(lib_a-exit.o) (_exit)

Allocating common symbols
Common symbol       size              file

alt_irq             0x100             ../lab9_bsp/\libhal_bsp.a(alt_irq_handler.o)
errno               0x4               s:/altera/nios2eds/bin/gnu/h-x86_64-mingw32/bin/../lib/gcc/nios2-elf/4.9.1/../../../../../H-x86_64-mingw32/nios2-elf/lib/mno-hw-mul\libc.a(lib_a-int_errno.o)

Memory Configuration

Name             Origin             Length             Attributes
onchip_memory2_0 0x0000000000000000 0x0000000000001000
reset            0x0000000010000000 0x0000000000000020
sdram            0x0000000010000020 0x0000000007ffffe0
*default*        0x0000000000000000 0xffffffffffffffff

Linker script and memory map

LOAD ../lab9_bsp//obj/HAL/src/crt0.o
LOAD obj/default/main.o
LOAD s:/altera/nios2eds/bin/gnu/h-x86_64-mingw32/bin/../lib/gcc/nios2-elf/4.9.1/../../../../../H-x86_64-mingw32/nios2-elf/lib/mno-hw-mul\libstdc++.a
LOAD s:/altera/nios2eds/bin/gnu/h-x86_64-mingw32/bin/../lib/gcc/nios2-elf/4.9.1/../../../../../H-x86_64-mingw32/nios2-elf/lib/mno-hw-mul\libm.a
LOAD s:/altera/nios2eds/bin/gnu/h-x86_64-mingw32/bin/../lib/gcc/nios2-elf/4.9.1/mno-hw-mul\libgcc.a
START GROUP
LOAD s:/altera/nios2eds/bin/gnu/h-x86_64-mingw32/bin/../lib/gcc/nios2-elf/4.9.1/../../../../../H-x86_64-mingw32/nios2-elf/lib/mno-hw-mul\libc.a
LOAD s:/altera/nios2eds/bin/gnu/h-x86_64-mingw32/bin/../lib/gcc/nios2-elf/4.9.1/mno-hw-mul\libgcc.a
LOAD ../lab9_bsp/\libhal_bsp.a
LOAD s:/altera/nios2eds/bin/gnu/h-x86_64-mingw32/bin/../lib/gcc/nios2-elf/4.9.1/../../../../../H-x86_64-mingw32/nios2-elf/lib/mno-hw-mul\libm.a
END GROUP
LOAD s:/altera/nios2eds/bin/gnu/h-x86_64-mingw32/bin/../lib/gcc/nios2-elf/4.9.1/mno-hw-mul\libgcc.a
                0x0000000000000000                __alt_mem_onchip_memory2_0 = 0x0
                0x0000000010000000                __alt_mem_sdram = 0x10000000

.entry          0x0000000010000000       0x20
 *(.entry)
 .entry         0x0000000010000000       0x20 ../lab9_bsp//obj/HAL/src/crt0.o
                0x0000000010000000                __reset

.exceptions     0x0000000010000020      0x20c
                0x0000000010000020                PROVIDE (__ram_exceptions_start, ABSOLUTE (.))
                0x0000000010000020                . = ALIGN (0x20)
 *(.irq)
 *(.exceptions.entry.label)
 .exceptions.entry.label
                0x0000000010000020        0x0 ../lab9_bsp/\libhal_bsp.a(alt_irq_entry.o)
                0x0000000010000020                alt_irq_entry
 .exceptions.entry.label
                0x0000000010000020        0x0 ../lab9_bsp/\libhal_bsp.a(alt_exception_entry.o)
                0x0000000010000020                alt_exception
 *(.exceptions.entry.user)
 *(.exceptions.entry.ecc_fatal)
 *(.exceptions.entry)
 .exceptions.entry
                0x0000000010000020       0x54 ../lab9_bsp/\libhal_bsp.a(alt_exception_entry.o)
 *(.exceptions.irqtest.user)
 *(.exceptions.irqtest)
 .exceptions.irqtest
                0x0000000010000074       0x10 ../lab9_bsp/\libhal_bsp.a(alt_irq_entry.o)
 *(.exceptions.irqhandler.user)
 *(.exceptions.irqhandler)
 .exceptions.irqhandler
                0x0000000010000084        0x4 ../lab9_bsp/\libhal_bsp.a(alt_irq_entry.o)
 *(.exceptions.irqreturn.user)
 *(.exceptions.irqreturn)
 .exceptions.irqreturn
                0x0000000010000088        0x4 ../lab9_bsp/\libhal_bsp.a(alt_irq_entry.o)
 *(.exceptions.notirq.label)
 .exceptions.notirq.label
                0x000000001000008c        0x0 ../lab9_bsp/\libhal_bsp.a(alt_irq_entry.o)
 *(.exceptions.notirq.user)
 *(.exceptions.notirq)
 .exceptions.notirq
                0x000000001000008c        0x8 ../lab9_bsp/\libhal_bsp.a(alt_exception_entry.o)
 *(.exceptions.soft.user)
 *(.exceptions.soft)
 *(.exceptions.unknown.user)
 *(.exceptions.unknown)
 .exceptions.unknown
                0x0000000010000094       0x14 ../lab9_bsp/\libhal_bsp.a(alt_exception_entry.o)
 *(.exceptions.exit.label)
 .exceptions.exit.label
                0x00000000100000a8        0x0 ../lab9_bsp/\libhal_bsp.a(alt_irq_entry.o)
 .exceptions.exit.label
                0x00000000100000a8        0x0 ../lab9_bsp/\libhal_bsp.a(alt_exception_entry.o)
 *(.exceptions.exit.user)
 *(.exceptions.exit)
 .exceptions.exit
                0x00000000100000a8       0x54 ../lab9_bsp/\libhal_bsp.a(alt_exception_entry.o)
 *(.exceptions)
 .exceptions    0x00000000100000fc       0xd0 ../lab9_bsp/\libhal_bsp.a(alt_irq_handler.o)
                0x00000000100000fc                alt_irq_handler
 .exceptions    0x00000000100001cc       0x60 ../lab9_bsp/\libhal_bsp.a(alt_instruction_exception_entry.o)
                0x00000000100001cc                alt_instruction_exception_entry
                0x000000001000022c                PROVIDE (__ram_exceptions_end, ABSOLUTE (.))
                0x0000000010000020                PROVIDE (__flash_exceptions_start, LOADADDR (.exceptions))

.text           0x000000001000022c     0x2370
                0x000000001000022c                PROVIDE (stext, ABSOLUTE (.))
 *(.interp)
 *(.hash)
 *(.dynsym)
 *(.dynstr)
 *(.gnu.version)
 *(.gnu.version_d)
 *(.gnu.version_r)
 *(.rel.init)
 *(.rela.init)
 *(.rel.text .rel.text.* .rel.gnu.linkonce.t.*)
 *(.rela.text .rela.text.* .rela.gnu.linkonce.t.*)
 *(.rel.fini)
 *(.rela.fini)
 *(.rel.rodata .rel.rodata.* .rel.gnu.linkonce.r.*)
 *(.rela.rodata .rela.rodata.* .rela.gnu.linkonce.r.*)
 *(.rel.data .rel.data.* .rel.gnu.linkonce.d.*)
 *(.rela.data .rela.data.* .rela.gnu.linkonce.d.*)
 *(.rel.tdata .rel.tdata.* .rel.gnu.linkonce.td.*)
 *(.rela.tdata .rela.tdata.* .rela.gnu.linkonce.td.*)
 *(.rel.tbss .rel.tbss.* .rel.gnu.linkonce.tb.*)
 *(.rela.tbss .rela.tbss.* .rela.gnu.linkonce.tb.*)
 *(.rel.ctors)
 *(.rela.ctors)
 *(.rel.dtors)
 *(.rela.dtors)
 *(.rel.got)
 *(.rela.got)
 *(.rel.sdata .rel.sdata.* .rel.gnu.linkonce.s.*)
 *(.rela.sdata .rela.sdata.* .rela.gnu.linkonce.s.*)
 *(.rel.sbss .rel.sbss.* .rel.gnu.linkonce.sb.*)
 *(.rela.sbss .rela.sbss.* .rela.gnu.linkonce.sb.*)
 *(.rel.sdata2 .rel.sdata2.* .rel.gnu.linkonce.s2.*)
 *(.rela.sdata2 .rela.sdata2.* .rela.gnu.linkonce.s2.*)
 *(.rel.sbss2 .rel.sbss2.* .rel.gnu.linkonce.sb2.*)
 *(.rela.sbss2 .rela.sbss2.* .rela.gnu.linkonce.sb2.*)
 *(.rel.bss .rel.bss.* .rel.gnu.linkonce.b.*)
 *(.rela.bss .rela.bss.* .rela.gnu.linkonce.b.*)
 *(.rel.plt)
 *(.rela.plt)
 *(.rel.dyn)
 *(.init)
 *(.plt)
 *(.text .stub .text.* .gnu.linkonce.t.*)
 .text          0x000000001000022c       0x3c ../lab9_bsp//obj/HAL/src/crt0.o
                0x000000001000022c                _start
 .text          0x0000000010000268       0xa8 obj/default/main.o
                0x0000000010000268                KeyExpansion
                0x0000000010000284                AddRoundKeys
                0x00000000100002a0                SubBytes
                0x00000000100002bc                ShiftRows
                0x00000000100002d8                MixColumns
                0x00000000100002f4                main
 .text          0x0000000010000310       0xe4 ../lab9_bsp/\libhal_bsp.a(alt_load.o)
                0x0000000010000374                alt_load
 .text          0x00000000100003f4       0x78 ../lab9_bsp/\libhal_bsp.a(alt_main.o)
                0x00000000100003f4                alt_main
 .text          0x000000001000046c       0xb4 ../lab9_bsp/\libhal_bsp.a(alt_sys_init.o)
                0x00000000100004a4                alt_irq_init
                0x00000000100004d8                alt_sys_init
 .text          0x0000000010000520      0x164 ../lab9_bsp/\libhal_bsp.a(altera_avalon_jtag_uart_fd.o)
                0x0000000010000520                altera_avalon_jtag_uart_read_fd
                0x0000000010000580                altera_avalon_jtag_uart_write_fd
                0x00000000100005e0                altera_avalon_jtag_uart_close_fd
                0x0000000010000630                altera_avalon_jtag_uart_ioctl_fd
 .text          0x0000000010000684      0x3d8 ../lab9_bsp/\libhal_bsp.a(altera_avalon_jtag_uart_init.o)
                0x0000000010000684                altera_avalon_jtag_uart_init
                0x00000000100009f4                altera_avalon_jtag_uart_close
 .text          0x0000000010000a5c       0xec ../lab9_bsp/\libhal_bsp.a(altera_avalon_jtag_uart_ioctl.o)
                0x0000000010000a5c                altera_avalon_jtag_uart_ioctl
 .text          0x0000000010000b48      0x20c ../lab9_bsp/\libhal_bsp.a(altera_avalon_jtag_uart_read.o)
                0x0000000010000b48                altera_avalon_jtag_uart_read
 .text          0x0000000010000d54      0x218 ../lab9_bsp/\libhal_bsp.a(altera_avalon_jtag_uart_write.o)
                0x0000000010000d54                altera_avalon_jtag_uart_write
 .text          0x0000000010000f6c      0x140 ../lab9_bsp/\libhal_bsp.a(alt_alarm_start.o)
                0x0000000010000f6c                alt_alarm_start
 .text          0x00000000100010ac      0x128 ../lab9_bsp/\libhal_bsp.a(alt_close.o)
                0x00000000100010fc                close
 .text          0x00000000100011d4       0x1c ../lab9_bsp/\libhal_bsp.a(alt_dcache_flush_all.o)
                0x00000000100011d4                alt_dcache_flush_all
 .text          0x00000000100011f0       0x2c ../lab9_bsp/\libhal_bsp.a(alt_dev.o)
 .text          0x000000001000121c       0xf4 ../lab9_bsp/\libhal_bsp.a(alt_dev_llist_insert.o)
                0x000000001000126c                alt_dev_llist_insert
 .text          0x0000000010001310       0x5c ../lab9_bsp/\libhal_bsp.a(alt_do_ctors.o)
                0x0000000010001310                _do_ctors
 .text          0x000000001000136c       0x5c ../lab9_bsp/\libhal_bsp.a(alt_do_dtors.o)
                0x000000001000136c                _do_dtors
 .text          0x00000000100013c8        0x0 ../lab9_bsp/\libhal_bsp.a(alt_errno.o)
 .text          0x00000000100013c8       0x1c ../lab9_bsp/\libhal_bsp.a(alt_icache_flush_all.o)
                0x00000000100013c8                alt_icache_flush_all
 .text          0x00000000100013e4      0x1e0 ../lab9_bsp/\libhal_bsp.a(alt_iic.o)
                0x00000000100013e4                alt_ic_isr_register
                0x0000000010001434                alt_ic_irq_enable
                0x00000000100014d4                alt_ic_irq_disable
                0x0000000010001578                alt_ic_irq_enabled
 .text          0x00000000100015c4       0xf0 ../lab9_bsp/\libhal_bsp.a(alt_iic_isr_register.o)
                0x00000000100015c4                alt_iic_isr_register
 .text          0x00000000100016b4      0x158 ../lab9_bsp/\libhal_bsp.a(alt_io_redirect.o)
                0x0000000010001794                alt_io_redirect
 .text          0x000000001000180c        0x0 ../lab9_bsp/\libhal_bsp.a(alt_irq_entry.o)
 .text          0x000000001000180c        0x0 ../lab9_bsp/\libhal_bsp.a(alt_irq_handler.o)
 .text          0x000000001000180c        0x0 ../lab9_bsp/\libhal_bsp.a(alt_irq_vars.o)
 .text          0x000000001000180c      0x2a4 ../lab9_bsp/\libhal_bsp.a(alt_open.o)
                0x0000000010001950                open
 .text          0x0000000010001ab0       0x80 ../lab9_bsp/\libhal_bsp.a(alt_release_fd.o)
                0x0000000010001ab0                alt_release_fd
 .text          0x0000000010001b30      0x19c ../lab9_bsp/\libhal_bsp.a(alt_tick.o)
                0x0000000010001b30                alt_alarm_stop
                0x0000000010001bc8                alt_tick
 .text          0x0000000010001ccc       0x20 ../lab9_bsp/\libhal_bsp.a(altera_nios2_gen2_irq.o)
                0x0000000010001ccc                altera_nios2_gen2_irq_init
 .text          0x0000000010001cec        0x0 ../lab9_bsp/\libhal_bsp.a(alt_exception_entry.o)
 .text          0x0000000010001cec       0x90 ../lab9_bsp/\libhal_bsp.a(alt_find_dev.o)
                0x0000000010001cec                alt_find_dev
 .text          0x0000000010001d7c      0x114 ../lab9_bsp/\libhal_bsp.a(alt_find_file.o)
                0x0000000010001d7c                alt_find_file
 .text          0x0000000010001e90       0xd4 ../lab9_bsp/\libhal_bsp.a(alt_get_fd.o)
                0x0000000010001e90                alt_get_fd
 .text          0x0000000010001f64       0x9c ../lab9_bsp/\libhal_bsp.a(alt_instruction_exception_entry.o)
                0x0000000010001f64                alt_exception_cause_generated_bad_addr
 .text          0x0000000010002000       0x14 s:/altera/nios2eds/bin/gnu/h-x86_64-mingw32/bin/../lib/gcc/nios2-elf/4.9.1/../../../../../H-x86_64-mingw32/nios2-elf/lib/mno-hw-mul\libc.a(lib_a-atexit.o)
                0x0000000010002000                atexit
 .text          0x0000000010002014       0x38 s:/altera/nios2eds/bin/gnu/h-x86_64-mingw32/bin/../lib/gcc/nios2-elf/4.9.1/../../../../../H-x86_64-mingw32/nios2-elf/lib/mno-hw-mul\libc.a(lib_a-exit.o)
                0x0000000010002014                exit
 .text          0x000000001000204c        0x0 s:/altera/nios2eds/bin/gnu/h-x86_64-mingw32/bin/../lib/gcc/nios2-elf/4.9.1/../../../../../H-x86_64-mingw32/nios2-elf/lib/mno-hw-mul\libc.a(lib_a-impure.o)
 .text          0x000000001000204c        0x0 s:/altera/nios2eds/bin/gnu/h-x86_64-mingw32/bin/../lib/gcc/nios2-elf/4.9.1/../../../../../H-x86_64-mingw32/nios2-elf/lib/mno-hw-mul\libc.a(lib_a-int_errno.o)
 .text          0x000000001000204c       0x7c s:/altera/nios2eds/bin/gnu/h-x86_64-mingw32/bin/../lib/gcc/nios2-elf/4.9.1/../../../../../H-x86_64-mingw32/nios2-elf/lib/mno-hw-mul\libc.a(lib_a-memcmp.o)
                0x000000001000204c                memcmp
 .text          0x00000000100020c8      0x138 s:/altera/nios2eds/bin/gnu/h-x86_64-mingw32/bin/../lib/gcc/nios2-elf/4.9.1/../../../../../H-x86_64-mingw32/nios2-elf/lib/mno-hw-mul\libc.a(lib_a-memcpy.o)
                0x00000000100020c8                memcpy
 .text          0x0000000010002200       0x98 s:/altera/nios2eds/bin/gnu/h-x86_64-mingw32/bin/../lib/gcc/nios2-elf/4.9.1/../../../../../H-x86_64-mingw32/nios2-elf/lib/mno-hw-mul\libc.a(lib_a-strlen.o)
                0x0000000010002200                strlen
 .text          0x0000000010002298      0x114 s:/altera/nios2eds/bin/gnu/h-x86_64-mingw32/bin/../lib/gcc/nios2-elf/4.9.1/../../../../../H-x86_64-mingw32/nios2-elf/lib/mno-hw-mul\libc.a(lib_a-__atexit.o)
                0x0000000010002298                __register_exitproc
 .text          0x00000000100023ac      0x194 s:/altera/nios2eds/bin/gnu/h-x86_64-mingw32/bin/../lib/gcc/nios2-elf/4.9.1/../../../../../H-x86_64-mingw32/nios2-elf/lib/mno-hw-mul\libc.a(lib_a-__call_atexit.o)
                0x00000000100023ac                __call_exitprocs
 .text          0x0000000010002540       0x28 s:/altera/nios2eds/bin/gnu/h-x86_64-mingw32/bin/../lib/gcc/nios2-elf/4.9.1/mno-hw-mul\libgcc.a(lib2-mul.o)
                0x0000000010002540                __mulsi3
 .text          0x0000000010002568       0x34 ../lab9_bsp/\libhal_bsp.a(alt_exit.o)
                0x0000000010002568                _exit
 *(.gnu.warning.*)
 *(.fini)
                0x000000001000259c                PROVIDE (__etext, ABSOLUTE (.))
                0x000000001000259c                PROVIDE (_etext, ABSOLUTE (.))
                0x000000001000259c                PROVIDE (etext, ABSOLUTE (.))
 *(.eh_frame_hdr)
                0x000000001000259c                . = ALIGN (0x4)
                0x000000001000259c                PROVIDE (__preinit_array_start, ABSOLUTE (.))
 *(.preinit_array)
                0x000000001000259c                PROVIDE (__preinit_array_end, ABSOLUTE (.))
                0x000000001000259c                PROVIDE (__init_array_start, ABSOLUTE (.))
 *(.init_array)
                0x000000001000259c                PROVIDE (__init_array_end, ABSOLUTE (.))
                0x000000001000259c                PROVIDE (__fini_array_start, ABSOLUTE (.))
 *(.fini_array)
                0x000000001000259c                PROVIDE (__fini_array_end, ABSOLUTE (.))
 *(.eh_frame)
 *(.gcc_except_table .gcc_except_table.*)
 *(.dynamic)
                0x000000001000259c                PROVIDE (__CTOR_LIST__, ABSOLUTE (.))
 *(.ctors)
 *(SORT(.ctors.*))
                0x000000001000259c                PROVIDE (__CTOR_END__, ABSOLUTE (.))
                0x000000001000259c                PROVIDE (__DTOR_LIST__, ABSOLUTE (.))
 *(.dtors)
 *(SORT(.dtors.*))
                0x000000001000259c                PROVIDE (__DTOR_END__, ABSOLUTE (.))
 *(.jcr)
                0x000000001000259c                . = ALIGN (0x4)

.rodata         0x000000001000259c      0x238
                0x000000001000259c                PROVIDE (__ram_rodata_start, ABSOLUTE (.))
                0x000000001000259c                . = ALIGN (0x4)
 *(.rodata .rodata.* .gnu.linkonce.r.*)
 .rodata        0x000000001000259c      0x200 obj/default/main.o
                0x000000001000259c                aes_sbox
                0x000000001000269c                aes_invsbox
 .rodata        0x000000001000279c       0x14 ../lab9_bsp/\libhal_bsp.a(alt_main.o)
 .rodata        0x00000000100027b0       0x14 ../lab9_bsp/\libhal_bsp.a(alt_sys_init.o)
 .rodata        0x00000000100027c4        0xc ../lab9_bsp/\libhal_bsp.a(alt_dev.o)
 .rodata.str1.4
                0x00000000100027d0        0x4 s:/altera/nios2eds/bin/gnu/h-x86_64-mingw32/bin/../lib/gcc/nios2-elf/4.9.1/../../../../../H-x86_64-mingw32/nios2-elf/lib/mno-hw-mul\libc.a(lib_a-impure.o)
 *(.rodata1)
                0x00000000100027d4                . = ALIGN (0x4)
                0x00000000100027d4                PROVIDE (__ram_rodata_end, ABSOLUTE (.))
                0x000000001000259c                PROVIDE (__flash_rodata_start, LOADADDR (.rodata))

.rwdata         0x00000000100027d4     0x1c94 load address 0x0000000010004468
                0x00000000100027d4                PROVIDE (__ram_rwdata_start, ABSOLUTE (.))
                0x00000000100027d4                . = ALIGN (0x4)
 *(.got.plt)
 *(.got)
 *(.data1)
 *(.data .data.* .gnu.linkonce.d.*)
 .data          0x00000000100027d4        0x0 ../lab9_bsp//obj/HAL/src/crt0.o
 .data          0x00000000100027d4      0x63c obj/default/main.o
                0x00000000100027d4                gf_mul
                0x0000000010002dd4                Rcon
 .data          0x0000000010002e10        0x0 ../lab9_bsp/\libhal_bsp.a(alt_load.o)
 .data          0x0000000010002e10        0x0 ../lab9_bsp/\libhal_bsp.a(alt_main.o)
 .data          0x0000000010002e10     0x1060 ../lab9_bsp/\libhal_bsp.a(alt_sys_init.o)
 .data          0x0000000010003e70        0x0 ../lab9_bsp/\libhal_bsp.a(altera_avalon_jtag_uart_fd.o)
 .data          0x0000000010003e70        0x0 ../lab9_bsp/\libhal_bsp.a(altera_avalon_jtag_uart_init.o)
 .data          0x0000000010003e70        0x0 ../lab9_bsp/\libhal_bsp.a(altera_avalon_jtag_uart_ioctl.o)
 .data          0x0000000010003e70        0x0 ../lab9_bsp/\libhal_bsp.a(altera_avalon_jtag_uart_read.o)
 .data          0x0000000010003e70        0x0 ../lab9_bsp/\libhal_bsp.a(altera_avalon_jtag_uart_write.o)
 .data          0x0000000010003e70        0x0 ../lab9_bsp/\libhal_bsp.a(alt_alarm_start.o)
 .data          0x0000000010003e70        0x0 ../lab9_bsp/\libhal_bsp.a(alt_close.o)
 .data          0x0000000010003e70        0x0 ../lab9_bsp/\libhal_bsp.a(alt_dcache_flush_all.o)
 .data          0x0000000010003e70      0x1a8 ../lab9_bsp/\libhal_bsp.a(alt_dev.o)
                0x0000000010003e70                alt_dev_null
                0x0000000010003e98                alt_fd_list
 .data          0x0000000010004018        0x0 ../lab9_bsp/\libhal_bsp.a(alt_dev_llist_insert.o)
 .data          0x0000000010004018        0x0 ../lab9_bsp/\libhal_bsp.a(alt_do_ctors.o)
 .data          0x0000000010004018        0x0 ../lab9_bsp/\libhal_bsp.a(alt_do_dtors.o)
 .data          0x0000000010004018        0x0 ../lab9_bsp/\libhal_bsp.a(alt_errno.o)
 .data          0x0000000010004018        0x0 ../lab9_bsp/\libhal_bsp.a(alt_icache_flush_all.o)
 .data          0x0000000010004018        0x0 ../lab9_bsp/\libhal_bsp.a(alt_iic.o)
 .data          0x0000000010004018        0x0 ../lab9_bsp/\libhal_bsp.a(alt_iic_isr_register.o)
 .data          0x0000000010004018        0x0 ../lab9_bsp/\libhal_bsp.a(alt_io_redirect.o)
 .data          0x0000000010004018        0x0 ../lab9_bsp/\libhal_bsp.a(alt_irq_entry.o)
 .data          0x0000000010004018        0x0 ../lab9_bsp/\libhal_bsp.a(alt_irq_handler.o)
 .data          0x0000000010004018        0x0 ../lab9_bsp/\libhal_bsp.a(alt_irq_vars.o)
 .data          0x0000000010004018        0x0 ../lab9_bsp/\libhal_bsp.a(alt_open.o)
 .data          0x0000000010004018        0x0 ../lab9_bsp/\libhal_bsp.a(alt_release_fd.o)
 .data          0x0000000010004018        0x0 ../lab9_bsp/\libhal_bsp.a(alt_tick.o)
 .data          0x0000000010004018        0x0 ../lab9_bsp/\libhal_bsp.a(altera_nios2_gen2_irq.o)
 .data          0x0000000010004018        0x0 ../lab9_bsp/\libhal_bsp.a(alt_exception_entry.o)
 .data          0x0000000010004018        0x0 ../lab9_bsp/\libhal_bsp.a(alt_find_dev.o)
 .data          0x0000000010004018        0x0 ../lab9_bsp/\libhal_bsp.a(alt_find_file.o)
 .data          0x0000000010004018        0x0 ../lab9_bsp/\libhal_bsp.a(alt_get_fd.o)
 .data          0x0000000010004018        0x0 ../lab9_bsp/\libhal_bsp.a(alt_instruction_exception_entry.o)
 .data          0x0000000010004018        0x0 s:/altera/nios2eds/bin/gnu/h-x86_64-mingw32/bin/../lib/gcc/nios2-elf/4.9.1/../../../../../H-x86_64-mingw32/nios2-elf/lib/mno-hw-mul\libc.a(lib_a-atexit.o)
 .data          0x0000000010004018        0x0 s:/altera/nios2eds/bin/gnu/h-x86_64-mingw32/bin/../lib/gcc/nios2-elf/4.9.1/../../../../../H-x86_64-mingw32/nios2-elf/lib/mno-hw-mul\libc.a(lib_a-exit.o)
 .data          0x0000000010004018      0x424 s:/altera/nios2eds/bin/gnu/h-x86_64-mingw32/bin/../lib/gcc/nios2-elf/4.9.1/../../../../../H-x86_64-mingw32/nios2-elf/lib/mno-hw-mul\libc.a(lib_a-impure.o)
 .data          0x000000001000443c        0x0 s:/altera/nios2eds/bin/gnu/h-x86_64-mingw32/bin/../lib/gcc/nios2-elf/4.9.1/../../../../../H-x86_64-mingw32/nios2-elf/lib/mno-hw-mul\libc.a(lib_a-int_errno.o)
 .data          0x000000001000443c        0x0 s:/altera/nios2eds/bin/gnu/h-x86_64-mingw32/bin/../lib/gcc/nios2-elf/4.9.1/../../../../../H-x86_64-mingw32/nios2-elf/lib/mno-hw-mul\libc.a(lib_a-memcmp.o)
 .data          0x000000001000443c        0x0 s:/altera/nios2eds/bin/gnu/h-x86_64-mingw32/bin/../lib/gcc/nios2-elf/4.9.1/../../../../../H-x86_64-mingw32/nios2-elf/lib/mno-hw-mul\libc.a(lib_a-memcpy.o)
 .data          0x000000001000443c        0x0 s:/altera/nios2eds/bin/gnu/h-x86_64-mingw32/bin/../lib/gcc/nios2-elf/4.9.1/../../../../../H-x86_64-mingw32/nios2-elf/lib/mno-hw-mul\libc.a(lib_a-strlen.o)
 .data          0x000000001000443c        0x0 s:/altera/nios2eds/bin/gnu/h-x86_64-mingw32/bin/../lib/gcc/nios2-elf/4.9.1/../../../../../H-x86_64-mingw32/nios2-elf/lib/mno-hw-mul\libc.a(lib_a-__atexit.o)
 .data          0x000000001000443c        0x0 s:/altera/nios2eds/bin/gnu/h-x86_64-mingw32/bin/../lib/gcc/nios2-elf/4.9.1/../../../../../H-x86_64-mingw32/nios2-elf/lib/mno-hw-mul\libc.a(lib_a-__call_atexit.o)
 .data          0x000000001000443c        0x0 s:/altera/nios2eds/bin/gnu/h-x86_64-mingw32/bin/../lib/gcc/nios2-elf/4.9.1/mno-hw-mul\libgcc.a(lib2-mul.o)
 .data          0x000000001000443c        0x0 ../lab9_bsp/\libhal_bsp.a(alt_exit.o)
                0x000000001000c43c                _gp = ABSOLUTE ((. + 0x8000))
                0x000000001000c43c                PROVIDE (gp, _gp)
 *(.rwdata .rwdata.*)
 *(.sdata .sdata.* .gnu.linkonce.s.*)
 .sdata         0x000000001000443c       0x14 ../lab9_bsp/\libhal_bsp.a(alt_dev.o)
                0x000000001000443c                alt_fs_list
                0x0000000010004444                alt_dev_list
                0x000000001000444c                alt_max_fd
 .sdata         0x0000000010004450        0x4 ../lab9_bsp/\libhal_bsp.a(alt_errno.o)
                0x0000000010004450                alt_errno
 .sdata         0x0000000010004454        0x4 ../lab9_bsp/\libhal_bsp.a(alt_irq_vars.o)
                0x0000000010004454                alt_priority_mask
 .sdata         0x0000000010004458        0x8 ../lab9_bsp/\libhal_bsp.a(alt_tick.o)
                0x0000000010004458                alt_alarm_list
 .sdata         0x0000000010004460        0x8 s:/altera/nios2eds/bin/gnu/h-x86_64-mingw32/bin/../lib/gcc/nios2-elf/4.9.1/../../../../../H-x86_64-mingw32/nios2-elf/lib/mno-hw-mul\libc.a(lib_a-impure.o)
                0x0000000010004460                _global_impure_ptr
                0x0000000010004464                _impure_ptr
 *(.sdata2 .sdata2.* .gnu.linkonce.s2.*)
                0x0000000010004468                . = ALIGN (0x4)
                0x0000000010004468                _edata = ABSOLUTE (.)
                0x0000000010004468                PROVIDE (edata, ABSOLUTE (.))
                0x0000000010004468                PROVIDE (__ram_rwdata_end, ABSOLUTE (.))
                0x0000000010004468                PROVIDE (__flash_rwdata_start, LOADADDR (.rwdata))

.bss            0x00000000100060fc      0x120
                0x00000000100060fc                __bss_start = ABSOLUTE (.)
                0x00000000100060fc                PROVIDE (__sbss_start, ABSOLUTE (.))
                0x00000000100060fc                PROVIDE (___sbss_start, ABSOLUTE (.))
 *(.dynsbss)
 *(.sbss .sbss.* .gnu.linkonce.sb.*)
 .sbss          0x00000000100060fc        0xc ../lab9_bsp/\libhal_bsp.a(alt_main.o)
                0x00000000100060fc                alt_argc
                0x0000000010006100                alt_argv
                0x0000000010006104                alt_envp
 .sbss          0x0000000010006108        0x4 ../lab9_bsp/\libhal_bsp.a(alt_irq_vars.o)
                0x0000000010006108                alt_irq_active
 .sbss          0x000000001000610c        0x8 ../lab9_bsp/\libhal_bsp.a(alt_tick.o)
                0x000000001000610c                _alt_tick_rate
                0x0000000010006110                _alt_nticks
 .sbss          0x0000000010006114        0x4 ../lab9_bsp/\libhal_bsp.a(alt_instruction_exception_entry.o)
                0x0000000010006114                alt_instruction_exception_handler
 .sbss          0x0000000010006118        0x4 s:/altera/nios2eds/bin/gnu/h-x86_64-mingw32/bin/../lib/gcc/nios2-elf/4.9.1/../../../../../H-x86_64-mingw32/nios2-elf/lib/mno-hw-mul\libc.a(lib_a-int_errno.o)
                0x0000000010006118                errno
 *(.sbss2 .sbss2.* .gnu.linkonce.sb2.*)
 *(.scommon)
                0x000000001000611c                PROVIDE (__sbss_end, ABSOLUTE (.))
                0x000000001000611c                PROVIDE (___sbss_end, ABSOLUTE (.))
 *(.dynbss)
 *(.bss .bss.* .gnu.linkonce.b.*)
 .bss           0x000000001000611c        0x0 ../lab9_bsp//obj/HAL/src/crt0.o
 .bss           0x000000001000611c        0x0 obj/default/main.o
 .bss           0x000000001000611c        0x0 ../lab9_bsp/\libhal_bsp.a(alt_load.o)
 .bss           0x000000001000611c        0x0 ../lab9_bsp/\libhal_bsp.a(alt_main.o)
 .bss           0x000000001000611c        0x0 ../lab9_bsp/\libhal_bsp.a(alt_sys_init.o)
 .bss           0x000000001000611c        0x0 ../lab9_bsp/\libhal_bsp.a(altera_avalon_jtag_uart_fd.o)
 .bss           0x000000001000611c        0x0 ../lab9_bsp/\libhal_bsp.a(altera_avalon_jtag_uart_init.o)
 .bss           0x000000001000611c        0x0 ../lab9_bsp/\libhal_bsp.a(altera_avalon_jtag_uart_ioctl.o)
 .bss           0x000000001000611c        0x0 ../lab9_bsp/\libhal_bsp.a(altera_avalon_jtag_uart_read.o)
 .bss           0x000000001000611c        0x0 ../lab9_bsp/\libhal_bsp.a(altera_avalon_jtag_uart_write.o)
 .bss           0x000000001000611c        0x0 ../lab9_bsp/\libhal_bsp.a(alt_alarm_start.o)
 .bss           0x000000001000611c        0x0 ../lab9_bsp/\libhal_bsp.a(alt_close.o)
 .bss           0x000000001000611c        0x0 ../lab9_bsp/\libhal_bsp.a(alt_dcache_flush_all.o)
 .bss           0x000000001000611c        0x0 ../lab9_bsp/\libhal_bsp.a(alt_dev.o)
 .bss           0x000000001000611c        0x0 ../lab9_bsp/\libhal_bsp.a(alt_dev_llist_insert.o)
 .bss           0x000000001000611c        0x0 ../lab9_bsp/\libhal_bsp.a(alt_do_ctors.o)
 .bss           0x000000001000611c        0x0 ../lab9_bsp/\libhal_bsp.a(alt_do_dtors.o)
 .bss           0x000000001000611c        0x0 ../lab9_bsp/\libhal_bsp.a(alt_errno.o)
 .bss           0x000000001000611c        0x0 ../lab9_bsp/\libhal_bsp.a(alt_icache_flush_all.o)
 .bss           0x000000001000611c        0x0 ../lab9_bsp/\libhal_bsp.a(alt_iic.o)
 .bss           0x000000001000611c        0x0 ../lab9_bsp/\libhal_bsp.a(alt_iic_isr_register.o)
 .bss           0x000000001000611c        0x0 ../lab9_bsp/\libhal_bsp.a(alt_io_redirect.o)
 .bss           0x000000001000611c        0x0 ../lab9_bsp/\libhal_bsp.a(alt_irq_entry.o)
 .bss           0x000000001000611c        0x0 ../lab9_bsp/\libhal_bsp.a(alt_irq_handler.o)
 .bss           0x000000001000611c        0x0 ../lab9_bsp/\libhal_bsp.a(alt_irq_vars.o)
 .bss           0x000000001000611c        0x0 ../lab9_bsp/\libhal_bsp.a(alt_open.o)
 .bss           0x000000001000611c        0x0 ../lab9_bsp/\libhal_bsp.a(alt_release_fd.o)
 .bss           0x000000001000611c        0x0 ../lab9_bsp/\libhal_bsp.a(alt_tick.o)
 .bss           0x000000001000611c        0x0 ../lab9_bsp/\libhal_bsp.a(altera_nios2_gen2_irq.o)
 .bss           0x000000001000611c        0x0 ../lab9_bsp/\libhal_bsp.a(alt_exception_entry.o)
 .bss           0x000000001000611c        0x0 ../lab9_bsp/\libhal_bsp.a(alt_find_dev.o)
 .bss           0x000000001000611c        0x0 ../lab9_bsp/\libhal_bsp.a(alt_find_file.o)
 .bss           0x000000001000611c        0x0 ../lab9_bsp/\libhal_bsp.a(alt_get_fd.o)
 .bss           0x000000001000611c        0x0 ../lab9_bsp/\libhal_bsp.a(alt_instruction_exception_entry.o)
 .bss           0x000000001000611c        0x0 s:/altera/nios2eds/bin/gnu/h-x86_64-mingw32/bin/../lib/gcc/nios2-elf/4.9.1/../../../../../H-x86_64-mingw32/nios2-elf/lib/mno-hw-mul\libc.a(lib_a-atexit.o)
 .bss           0x000000001000611c        0x0 s:/altera/nios2eds/bin/gnu/h-x86_64-mingw32/bin/../lib/gcc/nios2-elf/4.9.1/../../../../../H-x86_64-mingw32/nios2-elf/lib/mno-hw-mul\libc.a(lib_a-exit.o)
 .bss           0x000000001000611c        0x0 s:/altera/nios2eds/bin/gnu/h-x86_64-mingw32/bin/../lib/gcc/nios2-elf/4.9.1/../../../../../H-x86_64-mingw32/nios2-elf/lib/mno-hw-mul\libc.a(lib_a-impure.o)
 .bss           0x000000001000611c        0x0 s:/altera/nios2eds/bin/gnu/h-x86_64-mingw32/bin/../lib/gcc/nios2-elf/4.9.1/../../../../../H-x86_64-mingw32/nios2-elf/lib/mno-hw-mul\libc.a(lib_a-int_errno.o)
 .bss           0x000000001000611c        0x0 s:/altera/nios2eds/bin/gnu/h-x86_64-mingw32/bin/../lib/gcc/nios2-elf/4.9.1/../../../../../H-x86_64-mingw32/nios2-elf/lib/mno-hw-mul\libc.a(lib_a-memcmp.o)
 .bss           0x000000001000611c        0x0 s:/altera/nios2eds/bin/gnu/h-x86_64-mingw32/bin/../lib/gcc/nios2-elf/4.9.1/../../../../../H-x86_64-mingw32/nios2-elf/lib/mno-hw-mul\libc.a(lib_a-memcpy.o)
 .bss           0x000000001000611c        0x0 s:/altera/nios2eds/bin/gnu/h-x86_64-mingw32/bin/../lib/gcc/nios2-elf/4.9.1/../../../../../H-x86_64-mingw32/nios2-elf/lib/mno-hw-mul\libc.a(lib_a-strlen.o)
 .bss           0x000000001000611c        0x0 s:/altera/nios2eds/bin/gnu/h-x86_64-mingw32/bin/../lib/gcc/nios2-elf/4.9.1/../../../../../H-x86_64-mingw32/nios2-elf/lib/mno-hw-mul\libc.a(lib_a-__atexit.o)
 .bss           0x000000001000611c        0x0 s:/altera/nios2eds/bin/gnu/h-x86_64-mingw32/bin/../lib/gcc/nios2-elf/4.9.1/../../../../../H-x86_64-mingw32/nios2-elf/lib/mno-hw-mul\libc.a(lib_a-__call_atexit.o)
 .bss           0x000000001000611c        0x0 s:/altera/nios2eds/bin/gnu/h-x86_64-mingw32/bin/../lib/gcc/nios2-elf/4.9.1/mno-hw-mul\libgcc.a(lib2-mul.o)
 .bss           0x000000001000611c        0x0 ../lab9_bsp/\libhal_bsp.a(alt_exit.o)
 *(COMMON)
 COMMON         0x000000001000611c      0x100 ../lab9_bsp/\libhal_bsp.a(alt_irq_handler.o)
                0x000000001000611c                alt_irq
                0x000000001000621c                . = ALIGN (0x4)
                0x000000001000621c                __bss_end = ABSOLUTE (.)

.onchip_memory2_0
                0x0000000000000000        0x0 load address 0x000000001000621c
                0x0000000000000000                PROVIDE (_alt_partition_onchip_memory2_0_start, ABSOLUTE (.))
 *(.onchip_memory2_0 .onchip_memory2_0. onchip_memory2_0.*)
                0x0000000000000000                . = ALIGN (0x4)
                0x0000000000000000                PROVIDE (_alt_partition_onchip_memory2_0_end, ABSOLUTE (.))
                0x000000001000621c                PROVIDE (_alt_partition_onchip_memory2_0_load_addr, LOADADDR (.onchip_memory2_0))

.sdram          0x000000001000621c        0x0
                0x000000001000621c                PROVIDE (_alt_partition_sdram_start, ABSOLUTE (.))
 *(.sdram .sdram. sdram.*)
                0x000000001000621c                . = ALIGN (0x4)
                0x000000001000621c                PROVIDE (_alt_partition_sdram_end, ABSOLUTE (.))
                0x000000001000621c                _end = ABSOLUTE (.)
                0x000000001000621c                end = ABSOLUTE (.)
                0x000000001000621c                __alt_stack_base = ABSOLUTE (.)
                0x000000001000621c                PROVIDE (_alt_partition_sdram_load_addr, LOADADDR (.sdram))

.stab
 *(.stab)

.stabstr
 *(.stabstr)

.stab.excl
 *(.stab.excl)

.stab.exclstr
 *(.stab.exclstr)

.stab.index
 *(.stab.index)

.stab.indexstr
 *(.stab.indexstr)

.comment        0x0000000000000000       0x23
 *(.comment)
 .comment       0x0000000000000000       0x23 obj/default/main.o
                                         0x24 (size before relaxing)
 .comment       0x0000000000000000       0x24 ../lab9_bsp/\libhal_bsp.a(alt_load.o)
 .comment       0x0000000000000000       0x24 ../lab9_bsp/\libhal_bsp.a(alt_main.o)
 .comment       0x0000000000000000       0x24 ../lab9_bsp/\libhal_bsp.a(alt_sys_init.o)
 .comment       0x0000000000000000       0x24 ../lab9_bsp/\libhal_bsp.a(altera_avalon_jtag_uart_fd.o)
 .comment       0x0000000000000000       0x24 ../lab9_bsp/\libhal_bsp.a(altera_avalon_jtag_uart_init.o)
 .comment       0x0000000000000000       0x24 ../lab9_bsp/\libhal_bsp.a(altera_avalon_jtag_uart_ioctl.o)
 .comment       0x0000000000000000       0x24 ../lab9_bsp/\libhal_bsp.a(altera_avalon_jtag_uart_read.o)
 .comment       0x0000000000000000       0x24 ../lab9_bsp/\libhal_bsp.a(altera_avalon_jtag_uart_write.o)
 .comment       0x0000000000000000       0x24 ../lab9_bsp/\libhal_bsp.a(alt_alarm_start.o)
 .comment       0x0000000000000000       0x24 ../lab9_bsp/\libhal_bsp.a(alt_close.o)
 .comment       0x0000000000000000       0x24 ../lab9_bsp/\libhal_bsp.a(alt_dcache_flush_all.o)
 .comment       0x0000000000000000       0x24 ../lab9_bsp/\libhal_bsp.a(alt_dev.o)
 .comment       0x0000000000000000       0x24 ../lab9_bsp/\libhal_bsp.a(alt_dev_llist_insert.o)
 .comment       0x0000000000000000       0x24 ../lab9_bsp/\libhal_bsp.a(alt_do_ctors.o)
 .comment       0x0000000000000000       0x24 ../lab9_bsp/\libhal_bsp.a(alt_do_dtors.o)
 .comment       0x0000000000000000       0x24 ../lab9_bsp/\libhal_bsp.a(alt_errno.o)
 .comment       0x0000000000000000       0x24 ../lab9_bsp/\libhal_bsp.a(alt_icache_flush_all.o)
 .comment       0x0000000000000000       0x24 ../lab9_bsp/\libhal_bsp.a(alt_iic.o)
 .comment       0x0000000000000000       0x24 ../lab9_bsp/\libhal_bsp.a(alt_iic_isr_register.o)
 .comment       0x0000000000000000       0x24 ../lab9_bsp/\libhal_bsp.a(alt_io_redirect.o)
 .comment       0x0000000000000000       0x24 ../lab9_bsp/\libhal_bsp.a(alt_irq_handler.o)
 .comment       0x0000000000000000       0x24 ../lab9_bsp/\libhal_bsp.a(alt_irq_vars.o)
 .comment       0x0000000000000000       0x24 ../lab9_bsp/\libhal_bsp.a(alt_open.o)
 .comment       0x0000000000000000       0x24 ../lab9_bsp/\libhal_bsp.a(alt_release_fd.o)
 .comment       0x0000000000000000       0x24 ../lab9_bsp/\libhal_bsp.a(alt_tick.o)
 .comment       0x0000000000000000       0x24 ../lab9_bsp/\libhal_bsp.a(altera_nios2_gen2_irq.o)
 .comment       0x0000000000000000       0x24 ../lab9_bsp/\libhal_bsp.a(alt_find_dev.o)
 .comment       0x0000000000000000       0x24 ../lab9_bsp/\libhal_bsp.a(alt_find_file.o)
 .comment       0x0000000000000000       0x24 ../lab9_bsp/\libhal_bsp.a(alt_get_fd.o)
 .comment       0x0000000000000000       0x24 ../lab9_bsp/\libhal_bsp.a(alt_instruction_exception_entry.o)
 .comment       0x0000000000000000       0x24 s:/altera/nios2eds/bin/gnu/h-x86_64-mingw32/bin/../lib/gcc/nios2-elf/4.9.1/../../../../../H-x86_64-mingw32/nios2-elf/lib/mno-hw-mul\libc.a(lib_a-atexit.o)
 .comment       0x0000000000000000       0x24 s:/altera/nios2eds/bin/gnu/h-x86_64-mingw32/bin/../lib/gcc/nios2-elf/4.9.1/../../../../../H-x86_64-mingw32/nios2-elf/lib/mno-hw-mul\libc.a(lib_a-exit.o)
 .comment       0x0000000000000000       0x24 s:/altera/nios2eds/bin/gnu/h-x86_64-mingw32/bin/../lib/gcc/nios2-elf/4.9.1/../../../../../H-x86_64-mingw32/nios2-elf/lib/mno-hw-mul\libc.a(lib_a-impure.o)
 .comment       0x0000000000000000       0x24 s:/altera/nios2eds/bin/gnu/h-x86_64-mingw32/bin/../lib/gcc/nios2-elf/4.9.1/../../../../../H-x86_64-mingw32/nios2-elf/lib/mno-hw-mul\libc.a(lib_a-int_errno.o)
 .comment       0x0000000000000000       0x24 s:/altera/nios2eds/bin/gnu/h-x86_64-mingw32/bin/../lib/gcc/nios2-elf/4.9.1/../../../../../H-x86_64-mingw32/nios2-elf/lib/mno-hw-mul\libc.a(lib_a-memcmp.o)
 .comment       0x0000000000000000       0x24 s:/altera/nios2eds/bin/gnu/h-x86_64-mingw32/bin/../lib/gcc/nios2-elf/4.9.1/../../../../../H-x86_64-mingw32/nios2-elf/lib/mno-hw-mul\libc.a(lib_a-memcpy.o)
 .comment       0x0000000000000000       0x24 s:/altera/nios2eds/bin/gnu/h-x86_64-mingw32/bin/../lib/gcc/nios2-elf/4.9.1/../../../../../H-x86_64-mingw32/nios2-elf/lib/mno-hw-mul\libc.a(lib_a-strlen.o)
 .comment       0x0000000000000000       0x24 s:/altera/nios2eds/bin/gnu/h-x86_64-mingw32/bin/../lib/gcc/nios2-elf/4.9.1/../../../../../H-x86_64-mingw32/nios2-elf/lib/mno-hw-mul\libc.a(lib_a-__atexit.o)
 .comment       0x0000000000000000       0x24 s:/altera/nios2eds/bin/gnu/h-x86_64-mingw32/bin/../lib/gcc/nios2-elf/4.9.1/../../../../../H-x86_64-mingw32/nios2-elf/lib/mno-hw-mul\libc.a(lib_a-__call_atexit.o)
 .comment       0x0000000000000000       0x24 s:/altera/nios2eds/bin/gnu/h-x86_64-mingw32/bin/../lib/gcc/nios2-elf/4.9.1/mno-hw-mul\libgcc.a(lib2-mul.o)
 .comment       0x0000000000000000       0x24 ../lab9_bsp/\libhal_bsp.a(alt_exit.o)

.debug
 *(.debug)

.line
 *(.line)

.debug_srcinfo
 *(.debug_srcinfo)

.debug_sfnames
 *(.debug_sfnames)

.debug_aranges  0x0000000000000000      0x5b8
 *(.debug_aranges)
 .debug_aranges
                0x0000000000000000       0x28 ../lab9_bsp//obj/HAL/src/crt0.o
 .debug_aranges
                0x0000000000000028       0x20 obj/default/main.o
 .debug_aranges
                0x0000000000000048       0x20 ../lab9_bsp/\libhal_bsp.a(alt_load.o)
 .debug_aranges
                0x0000000000000068       0x20 ../lab9_bsp/\libhal_bsp.a(alt_main.o)
 .debug_aranges
                0x0000000000000088       0x20 ../lab9_bsp/\libhal_bsp.a(alt_sys_init.o)
 .debug_aranges
                0x00000000000000a8       0x20 ../lab9_bsp/\libhal_bsp.a(altera_avalon_jtag_uart_fd.o)
 .debug_aranges
                0x00000000000000c8       0x20 ../lab9_bsp/\libhal_bsp.a(altera_avalon_jtag_uart_init.o)
 .debug_aranges
                0x00000000000000e8       0x20 ../lab9_bsp/\libhal_bsp.a(altera_avalon_jtag_uart_ioctl.o)
 .debug_aranges
                0x0000000000000108       0x20 ../lab9_bsp/\libhal_bsp.a(altera_avalon_jtag_uart_read.o)
 .debug_aranges
                0x0000000000000128       0x20 ../lab9_bsp/\libhal_bsp.a(altera_avalon_jtag_uart_write.o)
 .debug_aranges
                0x0000000000000148       0x20 ../lab9_bsp/\libhal_bsp.a(alt_alarm_start.o)
 .debug_aranges
                0x0000000000000168       0x20 ../lab9_bsp/\libhal_bsp.a(alt_close.o)
 .debug_aranges
                0x0000000000000188       0x20 ../lab9_bsp/\libhal_bsp.a(alt_dcache_flush_all.o)
 .debug_aranges
                0x00000000000001a8       0x20 ../lab9_bsp/\libhal_bsp.a(alt_dev.o)
 .debug_aranges
                0x00000000000001c8       0x20 ../lab9_bsp/\libhal_bsp.a(alt_dev_llist_insert.o)
 .debug_aranges
                0x00000000000001e8       0x20 ../lab9_bsp/\libhal_bsp.a(alt_do_ctors.o)
 .debug_aranges
                0x0000000000000208       0x20 ../lab9_bsp/\libhal_bsp.a(alt_do_dtors.o)
 .debug_aranges
                0x0000000000000228       0x18 ../lab9_bsp/\libhal_bsp.a(alt_errno.o)
 .debug_aranges
                0x0000000000000240       0x20 ../lab9_bsp/\libhal_bsp.a(alt_icache_flush_all.o)
 .debug_aranges
                0x0000000000000260       0x20 ../lab9_bsp/\libhal_bsp.a(alt_iic.o)
 .debug_aranges
                0x0000000000000280       0x20 ../lab9_bsp/\libhal_bsp.a(alt_iic_isr_register.o)
 .debug_aranges
                0x00000000000002a0       0x20 ../lab9_bsp/\libhal_bsp.a(alt_io_redirect.o)
 .debug_aranges
                0x00000000000002c0       0x30 ../lab9_bsp/\libhal_bsp.a(alt_irq_entry.o)
 .debug_aranges
                0x00000000000002f0       0x20 ../lab9_bsp/\libhal_bsp.a(alt_irq_handler.o)
 .debug_aranges
                0x0000000000000310       0x18 ../lab9_bsp/\libhal_bsp.a(alt_irq_vars.o)
 .debug_aranges
                0x0000000000000328       0x20 ../lab9_bsp/\libhal_bsp.a(alt_open.o)
 .debug_aranges
                0x0000000000000348       0x20 ../lab9_bsp/\libhal_bsp.a(alt_release_fd.o)
 .debug_aranges
                0x0000000000000368       0x20 ../lab9_bsp/\libhal_bsp.a(alt_tick.o)
 .debug_aranges
                0x0000000000000388       0x20 ../lab9_bsp/\libhal_bsp.a(altera_nios2_gen2_irq.o)
 .debug_aranges
                0x00000000000003a8       0x38 ../lab9_bsp/\libhal_bsp.a(alt_exception_entry.o)
 .debug_aranges
                0x00000000000003e0       0x20 ../lab9_bsp/\libhal_bsp.a(alt_find_dev.o)
 .debug_aranges
                0x0000000000000400       0x20 ../lab9_bsp/\libhal_bsp.a(alt_find_file.o)
 .debug_aranges
                0x0000000000000420       0x20 ../lab9_bsp/\libhal_bsp.a(alt_get_fd.o)
 .debug_aranges
                0x0000000000000440       0x28 ../lab9_bsp/\libhal_bsp.a(alt_instruction_exception_entry.o)
 .debug_aranges
                0x0000000000000468       0x20 s:/altera/nios2eds/bin/gnu/h-x86_64-mingw32/bin/../lib/gcc/nios2-elf/4.9.1/../../../../../H-x86_64-mingw32/nios2-elf/lib/mno-hw-mul\libc.a(lib_a-atexit.o)
 .debug_aranges
                0x0000000000000488       0x20 s:/altera/nios2eds/bin/gnu/h-x86_64-mingw32/bin/../lib/gcc/nios2-elf/4.9.1/../../../../../H-x86_64-mingw32/nios2-elf/lib/mno-hw-mul\libc.a(lib_a-exit.o)
 .debug_aranges
                0x00000000000004a8       0x18 s:/altera/nios2eds/bin/gnu/h-x86_64-mingw32/bin/../lib/gcc/nios2-elf/4.9.1/../../../../../H-x86_64-mingw32/nios2-elf/lib/mno-hw-mul\libc.a(lib_a-impure.o)
 .debug_aranges
                0x00000000000004c0       0x18 s:/altera/nios2eds/bin/gnu/h-x86_64-mingw32/bin/../lib/gcc/nios2-elf/4.9.1/../../../../../H-x86_64-mingw32/nios2-elf/lib/mno-hw-mul\libc.a(lib_a-int_errno.o)
 .debug_aranges
                0x00000000000004d8       0x20 s:/altera/nios2eds/bin/gnu/h-x86_64-mingw32/bin/../lib/gcc/nios2-elf/4.9.1/../../../../../H-x86_64-mingw32/nios2-elf/lib/mno-hw-mul\libc.a(lib_a-memcmp.o)
 .debug_aranges
                0x00000000000004f8       0x20 s:/altera/nios2eds/bin/gnu/h-x86_64-mingw32/bin/../lib/gcc/nios2-elf/4.9.1/../../../../../H-x86_64-mingw32/nios2-elf/lib/mno-hw-mul\libc.a(lib_a-memcpy.o)
 .debug_aranges
                0x0000000000000518       0x20 s:/altera/nios2eds/bin/gnu/h-x86_64-mingw32/bin/../lib/gcc/nios2-elf/4.9.1/../../../../../H-x86_64-mingw32/nios2-elf/lib/mno-hw-mul\libc.a(lib_a-strlen.o)
 .debug_aranges
                0x0000000000000538       0x20 s:/altera/nios2eds/bin/gnu/h-x86_64-mingw32/bin/../lib/gcc/nios2-elf/4.9.1/../../../../../H-x86_64-mingw32/nios2-elf/lib/mno-hw-mul\libc.a(lib_a-__atexit.o)
 .debug_aranges
                0x0000000000000558       0x20 s:/altera/nios2eds/bin/gnu/h-x86_64-mingw32/bin/../lib/gcc/nios2-elf/4.9.1/../../../../../H-x86_64-mingw32/nios2-elf/lib/mno-hw-mul\libc.a(lib_a-__call_atexit.o)
 .debug_aranges
                0x0000000000000578       0x20 s:/altera/nios2eds/bin/gnu/h-x86_64-mingw32/bin/../lib/gcc/nios2-elf/4.9.1/mno-hw-mul\libgcc.a(lib2-mul.o)
 .debug_aranges
                0x0000000000000598       0x20 ../lab9_bsp/\libhal_bsp.a(alt_exit.o)

.debug_pubnames
 *(.debug_pubnames)

.debug_info     0x0000000000000000     0x74b0
 *(.debug_info .gnu.linkonce.wi.*)
 .debug_info    0x0000000000000000       0x6d ../lab9_bsp//obj/HAL/src/crt0.o
 .debug_info    0x000000000000006d      0x16e obj/default/main.o
 .debug_info    0x00000000000001db      0x13e ../lab9_bsp/\libhal_bsp.a(alt_load.o)
 .debug_info    0x0000000000000319      0x12a ../lab9_bsp/\libhal_bsp.a(alt_main.o)
 .debug_info    0x0000000000000443      0x4bc ../lab9_bsp/\libhal_bsp.a(alt_sys_init.o)
 .debug_info    0x00000000000008ff      0x527 ../lab9_bsp/\libhal_bsp.a(altera_avalon_jtag_uart_fd.o)
 .debug_info    0x0000000000000e26      0x3a1 ../lab9_bsp/\libhal_bsp.a(altera_avalon_jtag_uart_init.o)
 .debug_info    0x00000000000011c7      0x279 ../lab9_bsp/\libhal_bsp.a(altera_avalon_jtag_uart_ioctl.o)
 .debug_info    0x0000000000001440      0x342 ../lab9_bsp/\libhal_bsp.a(altera_avalon_jtag_uart_read.o)
 .debug_info    0x0000000000001782      0x339 ../lab9_bsp/\libhal_bsp.a(altera_avalon_jtag_uart_write.o)
 .debug_info    0x0000000000001abb      0x2c5 ../lab9_bsp/\libhal_bsp.a(alt_alarm_start.o)
 .debug_info    0x0000000000001d80      0x31a ../lab9_bsp/\libhal_bsp.a(alt_close.o)
 .debug_info    0x000000000000209a       0x8b ../lab9_bsp/\libhal_bsp.a(alt_dcache_flush_all.o)
 .debug_info    0x0000000000002125      0x495 ../lab9_bsp/\libhal_bsp.a(alt_dev.o)
 .debug_info    0x00000000000025ba      0x1a2 ../lab9_bsp/\libhal_bsp.a(alt_dev_llist_insert.o)
 .debug_info    0x000000000000275c       0x83 ../lab9_bsp/\libhal_bsp.a(alt_do_ctors.o)
 .debug_info    0x00000000000027df       0x83 ../lab9_bsp/\libhal_bsp.a(alt_do_dtors.o)
 .debug_info    0x0000000000002862       0x9f ../lab9_bsp/\libhal_bsp.a(alt_errno.o)
 .debug_info    0x0000000000002901       0x8b ../lab9_bsp/\libhal_bsp.a(alt_icache_flush_all.o)
 .debug_info    0x000000000000298c      0x349 ../lab9_bsp/\libhal_bsp.a(alt_iic.o)
 .debug_info    0x0000000000002cd5      0x1e8 ../lab9_bsp/\libhal_bsp.a(alt_iic_isr_register.o)
 .debug_info    0x0000000000002ebd      0x49e ../lab9_bsp/\libhal_bsp.a(alt_io_redirect.o)
 .debug_info    0x000000000000335b       0x76 ../lab9_bsp/\libhal_bsp.a(alt_irq_entry.o)
 .debug_info    0x00000000000033d1      0x180 ../lab9_bsp/\libhal_bsp.a(alt_irq_handler.o)
 .debug_info    0x0000000000003551       0x88 ../lab9_bsp/\libhal_bsp.a(alt_irq_vars.o)
 .debug_info    0x00000000000035d9      0x3b4 ../lab9_bsp/\libhal_bsp.a(alt_open.o)
 .debug_info    0x000000000000398d      0x2b0 ../lab9_bsp/\libhal_bsp.a(alt_release_fd.o)
 .debug_info    0x0000000000003c3d      0x292 ../lab9_bsp/\libhal_bsp.a(alt_tick.o)
 .debug_info    0x0000000000003ecf       0x8b ../lab9_bsp/\libhal_bsp.a(altera_nios2_gen2_irq.o)
 .debug_info    0x0000000000003f5a       0x7c ../lab9_bsp/\libhal_bsp.a(alt_exception_entry.o)
 .debug_info    0x0000000000003fd6      0x2e2 ../lab9_bsp/\libhal_bsp.a(alt_find_dev.o)
 .debug_info    0x00000000000042b8      0x2df ../lab9_bsp/\libhal_bsp.a(alt_find_file.o)
 .debug_info    0x0000000000004597      0x309 ../lab9_bsp/\libhal_bsp.a(alt_get_fd.o)
 .debug_info    0x00000000000048a0      0x1d8 ../lab9_bsp/\libhal_bsp.a(alt_instruction_exception_entry.o)
 .debug_info    0x0000000000004a78      0x10a s:/altera/nios2eds/bin/gnu/h-x86_64-mingw32/bin/../lib/gcc/nios2-elf/4.9.1/../../../../../H-x86_64-mingw32/nios2-elf/lib/mno-hw-mul\libc.a(lib_a-atexit.o)
 .debug_info    0x0000000000004b82      0x8df s:/altera/nios2eds/bin/gnu/h-x86_64-mingw32/bin/../lib/gcc/nios2-elf/4.9.1/../../../../../H-x86_64-mingw32/nios2-elf/lib/mno-hw-mul\libc.a(lib_a-exit.o)
 .debug_info    0x0000000000005461      0x88f s:/altera/nios2eds/bin/gnu/h-x86_64-mingw32/bin/../lib/gcc/nios2-elf/4.9.1/../../../../../H-x86_64-mingw32/nios2-elf/lib/mno-hw-mul\libc.a(lib_a-impure.o)
 .debug_info    0x0000000000005cf0       0x83 s:/altera/nios2eds/bin/gnu/h-x86_64-mingw32/bin/../lib/gcc/nios2-elf/4.9.1/../../../../../H-x86_64-mingw32/nios2-elf/lib/mno-hw-mul\libc.a(lib_a-int_errno.o)
 .debug_info    0x0000000000005d73      0x113 s:/altera/nios2eds/bin/gnu/h-x86_64-mingw32/bin/../lib/gcc/nios2-elf/4.9.1/../../../../../H-x86_64-mingw32/nios2-elf/lib/mno-hw-mul\libc.a(lib_a-memcmp.o)
 .debug_info    0x0000000000005e86      0x133 s:/altera/nios2eds/bin/gnu/h-x86_64-mingw32/bin/../lib/gcc/nios2-elf/4.9.1/../../../../../H-x86_64-mingw32/nios2-elf/lib/mno-hw-mul\libc.a(lib_a-memcpy.o)
 .debug_info    0x0000000000005fb9       0xdb s:/altera/nios2eds/bin/gnu/h-x86_64-mingw32/bin/../lib/gcc/nios2-elf/4.9.1/../../../../../H-x86_64-mingw32/nios2-elf/lib/mno-hw-mul\libc.a(lib_a-strlen.o)
 .debug_info    0x0000000000006094      0x93b s:/altera/nios2eds/bin/gnu/h-x86_64-mingw32/bin/../lib/gcc/nios2-elf/4.9.1/../../../../../H-x86_64-mingw32/nios2-elf/lib/mno-hw-mul\libc.a(lib_a-__atexit.o)
 .debug_info    0x00000000000069cf      0x948 s:/altera/nios2eds/bin/gnu/h-x86_64-mingw32/bin/../lib/gcc/nios2-elf/4.9.1/../../../../../H-x86_64-mingw32/nios2-elf/lib/mno-hw-mul\libc.a(lib_a-__call_atexit.o)
 .debug_info    0x0000000000007317       0xb4 s:/altera/nios2eds/bin/gnu/h-x86_64-mingw32/bin/../lib/gcc/nios2-elf/4.9.1/mno-hw-mul\libgcc.a(lib2-mul.o)
 .debug_info    0x00000000000073cb       0xe5 ../lab9_bsp/\libhal_bsp.a(alt_exit.o)

.debug_abbrev   0x0000000000000000     0x28fe
 *(.debug_abbrev)
 .debug_abbrev  0x0000000000000000       0x12 ../lab9_bsp//obj/HAL/src/crt0.o
 .debug_abbrev  0x0000000000000012       0x82 obj/default/main.o
 .debug_abbrev  0x0000000000000094       0x9f ../lab9_bsp/\libhal_bsp.a(alt_load.o)
 .debug_abbrev  0x0000000000000133       0xba ../lab9_bsp/\libhal_bsp.a(alt_main.o)
 .debug_abbrev  0x00000000000001ed      0x187 ../lab9_bsp/\libhal_bsp.a(alt_sys_init.o)
 .debug_abbrev  0x0000000000000374      0x127 ../lab9_bsp/\libhal_bsp.a(altera_avalon_jtag_uart_fd.o)
 .debug_abbrev  0x000000000000049b      0x197 ../lab9_bsp/\libhal_bsp.a(altera_avalon_jtag_uart_init.o)
 .debug_abbrev  0x0000000000000632      0x111 ../lab9_bsp/\libhal_bsp.a(altera_avalon_jtag_uart_ioctl.o)
 .debug_abbrev  0x0000000000000743      0x1ac ../lab9_bsp/\libhal_bsp.a(altera_avalon_jtag_uart_read.o)
 .debug_abbrev  0x00000000000008ef      0x1a8 ../lab9_bsp/\libhal_bsp.a(altera_avalon_jtag_uart_write.o)
 .debug_abbrev  0x0000000000000a97      0x162 ../lab9_bsp/\libhal_bsp.a(alt_alarm_start.o)
 .debug_abbrev  0x0000000000000bf9      0x11f ../lab9_bsp/\libhal_bsp.a(alt_close.o)
 .debug_abbrev  0x0000000000000d18       0x42 ../lab9_bsp/\libhal_bsp.a(alt_dcache_flush_all.o)
 .debug_abbrev  0x0000000000000d5a       0xd9 ../lab9_bsp/\libhal_bsp.a(alt_dev.o)
 .debug_abbrev  0x0000000000000e33      0x114 ../lab9_bsp/\libhal_bsp.a(alt_dev_llist_insert.o)
 .debug_abbrev  0x0000000000000f47       0x79 ../lab9_bsp/\libhal_bsp.a(alt_do_ctors.o)
 .debug_abbrev  0x0000000000000fc0       0x79 ../lab9_bsp/\libhal_bsp.a(alt_do_dtors.o)
 .debug_abbrev  0x0000000000001039       0x5a ../lab9_bsp/\libhal_bsp.a(alt_errno.o)
 .debug_abbrev  0x0000000000001093       0x42 ../lab9_bsp/\libhal_bsp.a(alt_icache_flush_all.o)
 .debug_abbrev  0x00000000000010d5      0x163 ../lab9_bsp/\libhal_bsp.a(alt_iic.o)
 .debug_abbrev  0x0000000000001238      0x169 ../lab9_bsp/\libhal_bsp.a(alt_iic_isr_register.o)
 .debug_abbrev  0x00000000000013a1      0x114 ../lab9_bsp/\libhal_bsp.a(alt_io_redirect.o)
 .debug_abbrev  0x00000000000014b5       0x12 ../lab9_bsp/\libhal_bsp.a(alt_irq_entry.o)
 .debug_abbrev  0x00000000000014c7      0x122 ../lab9_bsp/\libhal_bsp.a(alt_irq_handler.o)
 .debug_abbrev  0x00000000000015e9       0x40 ../lab9_bsp/\libhal_bsp.a(alt_irq_vars.o)
 .debug_abbrev  0x0000000000001629      0x148 ../lab9_bsp/\libhal_bsp.a(alt_open.o)
 .debug_abbrev  0x0000000000001771       0xde ../lab9_bsp/\libhal_bsp.a(alt_release_fd.o)
 .debug_abbrev  0x000000000000184f      0x15a ../lab9_bsp/\libhal_bsp.a(alt_tick.o)
 .debug_abbrev  0x00000000000019a9       0x42 ../lab9_bsp/\libhal_bsp.a(altera_nios2_gen2_irq.o)
 .debug_abbrev  0x00000000000019eb       0x12 ../lab9_bsp/\libhal_bsp.a(alt_exception_entry.o)
 .debug_abbrev  0x00000000000019fd       0xf0 ../lab9_bsp/\libhal_bsp.a(alt_find_dev.o)
 .debug_abbrev  0x0000000000001aed       0xf0 ../lab9_bsp/\libhal_bsp.a(alt_find_file.o)
 .debug_abbrev  0x0000000000001bdd      0x10d ../lab9_bsp/\libhal_bsp.a(alt_get_fd.o)
 .debug_abbrev  0x0000000000001cea       0xd1 ../lab9_bsp/\libhal_bsp.a(alt_instruction_exception_entry.o)
 .debug_abbrev  0x0000000000001dbb       0xb8 s:/altera/nios2eds/bin/gnu/h-x86_64-mingw32/bin/../lib/gcc/nios2-elf/4.9.1/../../../../../H-x86_64-mingw32/nios2-elf/lib/mno-hw-mul\libc.a(lib_a-atexit.o)
 .debug_abbrev  0x0000000000001e73      0x1e6 s:/altera/nios2eds/bin/gnu/h-x86_64-mingw32/bin/../lib/gcc/nios2-elf/4.9.1/../../../../../H-x86_64-mingw32/nios2-elf/lib/mno-hw-mul\libc.a(lib_a-exit.o)
 .debug_abbrev  0x0000000000002059      0x180 s:/altera/nios2eds/bin/gnu/h-x86_64-mingw32/bin/../lib/gcc/nios2-elf/4.9.1/../../../../../H-x86_64-mingw32/nios2-elf/lib/mno-hw-mul\libc.a(lib_a-impure.o)
 .debug_abbrev  0x00000000000021d9       0x37 s:/altera/nios2eds/bin/gnu/h-x86_64-mingw32/bin/../lib/gcc/nios2-elf/4.9.1/../../../../../H-x86_64-mingw32/nios2-elf/lib/mno-hw-mul\libc.a(lib_a-int_errno.o)
 .debug_abbrev  0x0000000000002210       0x7f s:/altera/nios2eds/bin/gnu/h-x86_64-mingw32/bin/../lib/gcc/nios2-elf/4.9.1/../../../../../H-x86_64-mingw32/nios2-elf/lib/mno-hw-mul\libc.a(lib_a-memcmp.o)
 .debug_abbrev  0x000000000000228f       0x9c s:/altera/nios2eds/bin/gnu/h-x86_64-mingw32/bin/../lib/gcc/nios2-elf/4.9.1/../../../../../H-x86_64-mingw32/nios2-elf/lib/mno-hw-mul\libc.a(lib_a-memcpy.o)
 .debug_abbrev  0x000000000000232b       0x90 s:/altera/nios2eds/bin/gnu/h-x86_64-mingw32/bin/../lib/gcc/nios2-elf/4.9.1/../../../../../H-x86_64-mingw32/nios2-elf/lib/mno-hw-mul\libc.a(lib_a-strlen.o)
 .debug_abbrev  0x00000000000023bb      0x21e s:/altera/nios2eds/bin/gnu/h-x86_64-mingw32/bin/../lib/gcc/nios2-elf/4.9.1/../../../../../H-x86_64-mingw32/nios2-elf/lib/mno-hw-mul\libc.a(lib_a-__atexit.o)
 .debug_abbrev  0x00000000000025d9      0x210 s:/altera/nios2eds/bin/gnu/h-x86_64-mingw32/bin/../lib/gcc/nios2-elf/4.9.1/../../../../../H-x86_64-mingw32/nios2-elf/lib/mno-hw-mul\libc.a(lib_a-__call_atexit.o)
 .debug_abbrev  0x00000000000027e9       0x6f s:/altera/nios2eds/bin/gnu/h-x86_64-mingw32/bin/../lib/gcc/nios2-elf/4.9.1/mno-hw-mul\libgcc.a(lib2-mul.o)
 .debug_abbrev  0x0000000000002858       0xa6 ../lab9_bsp/\libhal_bsp.a(alt_exit.o)

.debug_line     0x0000000000000000     0x2933
 *(.debug_line)
 .debug_line    0x0000000000000000       0x66 ../lab9_bsp//obj/HAL/src/crt0.o
 .debug_line    0x0000000000000066       0x42 obj/default/main.o
 .debug_line    0x00000000000000a8       0x8d ../lab9_bsp/\libhal_bsp.a(alt_load.o)
 .debug_line    0x0000000000000135       0xa4 ../lab9_bsp/\libhal_bsp.a(alt_main.o)
 .debug_line    0x00000000000001d9      0x137 ../lab9_bsp/\libhal_bsp.a(alt_sys_init.o)
 .debug_line    0x0000000000000310      0x12f ../lab9_bsp/\libhal_bsp.a(altera_avalon_jtag_uart_fd.o)
 .debug_line    0x000000000000043f      0x180 ../lab9_bsp/\libhal_bsp.a(altera_avalon_jtag_uart_init.o)
 .debug_line    0x00000000000005bf      0x12e ../lab9_bsp/\libhal_bsp.a(altera_avalon_jtag_uart_ioctl.o)
 .debug_line    0x00000000000006ed      0x16a ../lab9_bsp/\libhal_bsp.a(altera_avalon_jtag_uart_read.o)
 .debug_line    0x0000000000000857      0x16a ../lab9_bsp/\libhal_bsp.a(altera_avalon_jtag_uart_write.o)
 .debug_line    0x00000000000009c1       0xfa ../lab9_bsp/\libhal_bsp.a(alt_alarm_start.o)
 .debug_line    0x0000000000000abb      0x159 ../lab9_bsp/\libhal_bsp.a(alt_close.o)
 .debug_line    0x0000000000000c14       0x51 ../lab9_bsp/\libhal_bsp.a(alt_dcache_flush_all.o)
 .debug_line    0x0000000000000c65       0xeb ../lab9_bsp/\libhal_bsp.a(alt_dev.o)
 .debug_line    0x0000000000000d50       0xd0 ../lab9_bsp/\libhal_bsp.a(alt_dev_llist_insert.o)
 .debug_line    0x0000000000000e20       0x59 ../lab9_bsp/\libhal_bsp.a(alt_do_ctors.o)
 .debug_line    0x0000000000000e79       0x59 ../lab9_bsp/\libhal_bsp.a(alt_do_dtors.o)
 .debug_line    0x0000000000000ed2       0x51 ../lab9_bsp/\libhal_bsp.a(alt_errno.o)
 .debug_line    0x0000000000000f23       0x4f ../lab9_bsp/\libhal_bsp.a(alt_icache_flush_all.o)
 .debug_line    0x0000000000000f72       0xef ../lab9_bsp/\libhal_bsp.a(alt_iic.o)
 .debug_line    0x0000000000001061       0xdb ../lab9_bsp/\libhal_bsp.a(alt_iic_isr_register.o)
 .debug_line    0x000000000000113c      0x128 ../lab9_bsp/\libhal_bsp.a(alt_io_redirect.o)
 .debug_line    0x0000000000001264       0x6b ../lab9_bsp/\libhal_bsp.a(alt_irq_entry.o)
 .debug_line    0x00000000000012cf       0xaa ../lab9_bsp/\libhal_bsp.a(alt_irq_handler.o)
 .debug_line    0x0000000000001379       0x50 ../lab9_bsp/\libhal_bsp.a(alt_irq_vars.o)
 .debug_line    0x00000000000013c9      0x12d ../lab9_bsp/\libhal_bsp.a(alt_open.o)
 .debug_line    0x00000000000014f6       0xb0 ../lab9_bsp/\libhal_bsp.a(alt_release_fd.o)
 .debug_line    0x00000000000015a6       0xfe ../lab9_bsp/\libhal_bsp.a(alt_tick.o)
 .debug_line    0x00000000000016a4       0x51 ../lab9_bsp/\libhal_bsp.a(altera_nios2_gen2_irq.o)
 .debug_line    0x00000000000016f5       0xb3 ../lab9_bsp/\libhal_bsp.a(alt_exception_entry.o)
 .debug_line    0x00000000000017a8       0xb5 ../lab9_bsp/\libhal_bsp.a(alt_find_dev.o)
 .debug_line    0x000000000000185d       0xd1 ../lab9_bsp/\libhal_bsp.a(alt_find_file.o)
 .debug_line    0x000000000000192e       0xd8 ../lab9_bsp/\libhal_bsp.a(alt_get_fd.o)
 .debug_line    0x0000000000001a06       0xb9 ../lab9_bsp/\libhal_bsp.a(alt_instruction_exception_entry.o)
 .debug_line    0x0000000000001abf       0xe9 s:/altera/nios2eds/bin/gnu/h-x86_64-mingw32/bin/../lib/gcc/nios2-elf/4.9.1/../../../../../H-x86_64-mingw32/nios2-elf/lib/mno-hw-mul\libc.a(lib_a-atexit.o)
 .debug_line    0x0000000000001ba8      0x1fd s:/altera/nios2eds/bin/gnu/h-x86_64-mingw32/bin/../lib/gcc/nios2-elf/4.9.1/../../../../../H-x86_64-mingw32/nios2-elf/lib/mno-hw-mul\libc.a(lib_a-exit.o)
 .debug_line    0x0000000000001da5      0x162 s:/altera/nios2eds/bin/gnu/h-x86_64-mingw32/bin/../lib/gcc/nios2-elf/4.9.1/../../../../../H-x86_64-mingw32/nios2-elf/lib/mno-hw-mul\libc.a(lib_a-impure.o)
 .debug_line    0x0000000000001f07       0x60 s:/altera/nios2eds/bin/gnu/h-x86_64-mingw32/bin/../lib/gcc/nios2-elf/4.9.1/../../../../../H-x86_64-mingw32/nios2-elf/lib/mno-hw-mul\libc.a(lib_a-int_errno.o)
 .debug_line    0x0000000000001f67      0x178 s:/altera/nios2eds/bin/gnu/h-x86_64-mingw32/bin/../lib/gcc/nios2-elf/4.9.1/../../../../../H-x86_64-mingw32/nios2-elf/lib/mno-hw-mul\libc.a(lib_a-memcmp.o)
 .debug_line    0x00000000000020df      0x187 s:/altera/nios2eds/bin/gnu/h-x86_64-mingw32/bin/../lib/gcc/nios2-elf/4.9.1/../../../../../H-x86_64-mingw32/nios2-elf/lib/mno-hw-mul\libc.a(lib_a-memcpy.o)
 .debug_line    0x0000000000002266      0x171 s:/altera/nios2eds/bin/gnu/h-x86_64-mingw32/bin/../lib/gcc/nios2-elf/4.9.1/../../../../../H-x86_64-mingw32/nios2-elf/lib/mno-hw-mul\libc.a(lib_a-strlen.o)
 .debug_line    0x00000000000023d7      0x227 s:/altera/nios2eds/bin/gnu/h-x86_64-mingw32/bin/../lib/gcc/nios2-elf/4.9.1/../../../../../H-x86_64-mingw32/nios2-elf/lib/mno-hw-mul\libc.a(lib_a-__atexit.o)
 .debug_line    0x00000000000025fe      0x244 s:/altera/nios2eds/bin/gnu/h-x86_64-mingw32/bin/../lib/gcc/nios2-elf/4.9.1/../../../../../H-x86_64-mingw32/nios2-elf/lib/mno-hw-mul\libc.a(lib_a-__call_atexit.o)
 .debug_line    0x0000000000002842       0x80 s:/altera/nios2eds/bin/gnu/h-x86_64-mingw32/bin/../lib/gcc/nios2-elf/4.9.1/mno-hw-mul\libgcc.a(lib2-mul.o)
 .debug_line    0x00000000000028c2       0x71 ../lab9_bsp/\libhal_bsp.a(alt_exit.o)

.debug_frame    0x0000000000000000      0xb58
 *(.debug_frame)
 .debug_frame   0x0000000000000000       0xe8 obj/default/main.o
 .debug_frame   0x00000000000000e8       0x5c ../lab9_bsp/\libhal_bsp.a(alt_load.o)
 .debug_frame   0x0000000000000144       0x2c ../lab9_bsp/\libhal_bsp.a(alt_main.o)
 .debug_frame   0x0000000000000170       0x88 ../lab9_bsp/\libhal_bsp.a(alt_sys_init.o)
 .debug_frame   0x00000000000001f8       0xb0 ../lab9_bsp/\libhal_bsp.a(altera_avalon_jtag_uart_fd.o)
 .debug_frame   0x00000000000002a8       0xa4 ../lab9_bsp/\libhal_bsp.a(altera_avalon_jtag_uart_init.o)
 .debug_frame   0x000000000000034c       0x34 ../lab9_bsp/\libhal_bsp.a(altera_avalon_jtag_uart_ioctl.o)
 .debug_frame   0x0000000000000380       0x38 ../lab9_bsp/\libhal_bsp.a(altera_avalon_jtag_uart_read.o)
 .debug_frame   0x00000000000003b8       0x38 ../lab9_bsp/\libhal_bsp.a(altera_avalon_jtag_uart_write.o)
 .debug_frame   0x00000000000003f0       0x34 ../lab9_bsp/\libhal_bsp.a(alt_alarm_start.o)
 .debug_frame   0x0000000000000424       0x60 ../lab9_bsp/\libhal_bsp.a(alt_close.o)
 .debug_frame   0x0000000000000484       0x34 ../lab9_bsp/\libhal_bsp.a(alt_dcache_flush_all.o)
 .debug_frame   0x00000000000004b8       0x34 ../lab9_bsp/\libhal_bsp.a(alt_dev.o)
 .debug_frame   0x00000000000004ec       0x60 ../lab9_bsp/\libhal_bsp.a(alt_dev_llist_insert.o)
 .debug_frame   0x000000000000054c       0x38 ../lab9_bsp/\libhal_bsp.a(alt_do_ctors.o)
 .debug_frame   0x0000000000000584       0x38 ../lab9_bsp/\libhal_bsp.a(alt_do_dtors.o)
 .debug_frame   0x00000000000005bc       0x34 ../lab9_bsp/\libhal_bsp.a(alt_icache_flush_all.o)
 .debug_frame   0x00000000000005f0       0xa4 ../lab9_bsp/\libhal_bsp.a(alt_iic.o)
 .debug_frame   0x0000000000000694       0x38 ../lab9_bsp/\libhal_bsp.a(alt_iic_isr_register.o)
 .debug_frame   0x00000000000006cc       0x64 ../lab9_bsp/\libhal_bsp.a(alt_io_redirect.o)
 .debug_frame   0x0000000000000730       0x38 ../lab9_bsp/\libhal_bsp.a(alt_irq_handler.o)
 .debug_frame   0x0000000000000768       0x8c ../lab9_bsp/\libhal_bsp.a(alt_open.o)
 .debug_frame   0x00000000000007f4       0x3c ../lab9_bsp/\libhal_bsp.a(alt_release_fd.o)
 .debug_frame   0x0000000000000830       0x5c ../lab9_bsp/\libhal_bsp.a(alt_tick.o)
 .debug_frame   0x000000000000088c       0x34 ../lab9_bsp/\libhal_bsp.a(altera_nios2_gen2_irq.o)
 .debug_frame   0x00000000000008c0       0x38 ../lab9_bsp/\libhal_bsp.a(alt_find_dev.o)
 .debug_frame   0x00000000000008f8       0x38 ../lab9_bsp/\libhal_bsp.a(alt_find_file.o)
 .debug_frame   0x0000000000000930       0x3c ../lab9_bsp/\libhal_bsp.a(alt_get_fd.o)
 .debug_frame   0x000000000000096c       0x5c ../lab9_bsp/\libhal_bsp.a(alt_instruction_exception_entry.o)
 .debug_frame   0x00000000000009c8       0x20 s:/altera/nios2eds/bin/gnu/h-x86_64-mingw32/bin/../lib/gcc/nios2-elf/4.9.1/../../../../../H-x86_64-mingw32/nios2-elf/lib/mno-hw-mul\libc.a(lib_a-atexit.o)
 .debug_frame   0x00000000000009e8       0x28 s:/altera/nios2eds/bin/gnu/h-x86_64-mingw32/bin/../lib/gcc/nios2-elf/4.9.1/../../../../../H-x86_64-mingw32/nios2-elf/lib/mno-hw-mul\libc.a(lib_a-exit.o)
 .debug_frame   0x0000000000000a10       0x20 s:/altera/nios2eds/bin/gnu/h-x86_64-mingw32/bin/../lib/gcc/nios2-elf/4.9.1/../../../../../H-x86_64-mingw32/nios2-elf/lib/mno-hw-mul\libc.a(lib_a-memcmp.o)
 .debug_frame   0x0000000000000a30       0x30 s:/altera/nios2eds/bin/gnu/h-x86_64-mingw32/bin/../lib/gcc/nios2-elf/4.9.1/../../../../../H-x86_64-mingw32/nios2-elf/lib/mno-hw-mul\libc.a(lib_a-memcpy.o)
 .debug_frame   0x0000000000000a60       0x20 s:/altera/nios2eds/bin/gnu/h-x86_64-mingw32/bin/../lib/gcc/nios2-elf/4.9.1/../../../../../H-x86_64-mingw32/nios2-elf/lib/mno-hw-mul\libc.a(lib_a-strlen.o)
 .debug_frame   0x0000000000000a80       0x38 s:/altera/nios2eds/bin/gnu/h-x86_64-mingw32/bin/../lib/gcc/nios2-elf/4.9.1/../../../../../H-x86_64-mingw32/nios2-elf/lib/mno-hw-mul\libc.a(lib_a-__atexit.o)
 .debug_frame   0x0000000000000ab8       0x54 s:/altera/nios2eds/bin/gnu/h-x86_64-mingw32/bin/../lib/gcc/nios2-elf/4.9.1/../../../../../H-x86_64-mingw32/nios2-elf/lib/mno-hw-mul\libc.a(lib_a-__call_atexit.o)
 .debug_frame   0x0000000000000b0c       0x20 s:/altera/nios2eds/bin/gnu/h-x86_64-mingw32/bin/../lib/gcc/nios2-elf/4.9.1/mno-hw-mul\libgcc.a(lib2-mul.o)
 .debug_frame   0x0000000000000b2c       0x2c ../lab9_bsp/\libhal_bsp.a(alt_exit.o)

.debug_str      0x0000000000000000     0x1b59
 *(.debug_str)
 .debug_str     0x0000000000000000      0x11f obj/default/main.o
                                        0x164 (size before relaxing)
 .debug_str     0x000000000000011f      0x12a ../lab9_bsp/\libhal_bsp.a(alt_load.o)
                                        0x1f4 (size before relaxing)
 .debug_str     0x0000000000000249       0x70 ../lab9_bsp/\libhal_bsp.a(alt_main.o)
                                        0x17f (size before relaxing)
 .debug_str     0x00000000000002b9      0x1a2 ../lab9_bsp/\libhal_bsp.a(alt_sys_init.o)
                                        0x33a (size before relaxing)
 .debug_str     0x000000000000045b       0xb9 ../lab9_bsp/\libhal_bsp.a(altera_avalon_jtag_uart_fd.o)
                                        0x386 (size before relaxing)
 .debug_str     0x0000000000000514       0xd1 ../lab9_bsp/\libhal_bsp.a(altera_avalon_jtag_uart_init.o)
                                        0x31a (size before relaxing)
 .debug_str     0x00000000000005e5       0x4a ../lab9_bsp/\libhal_bsp.a(altera_avalon_jtag_uart_ioctl.o)
                                        0x275 (size before relaxing)
 .debug_str     0x000000000000062f       0x7f ../lab9_bsp/\libhal_bsp.a(altera_avalon_jtag_uart_read.o)
                                        0x2ca (size before relaxing)
 .debug_str     0x00000000000006ae       0x4a ../lab9_bsp/\libhal_bsp.a(altera_avalon_jtag_uart_write.o)
                                        0x2cb (size before relaxing)
 .debug_str     0x00000000000006f8       0x59 ../lab9_bsp/\libhal_bsp.a(alt_alarm_start.o)
                                        0x260 (size before relaxing)
 .debug_str     0x0000000000000751       0x44 ../lab9_bsp/\libhal_bsp.a(alt_close.o)
                                        0x1ed (size before relaxing)
 .debug_str     0x0000000000000795       0x34 ../lab9_bsp/\libhal_bsp.a(alt_dcache_flush_all.o)
                                        0x137 (size before relaxing)
 .debug_str     0x00000000000007c9      0x120 ../lab9_bsp/\libhal_bsp.a(alt_dev.o)
                                        0x2e7 (size before relaxing)
 .debug_str     0x00000000000008e9       0x34 ../lab9_bsp/\libhal_bsp.a(alt_dev_llist_insert.o)
                                        0x1ae (size before relaxing)
 .debug_str     0x000000000000091d       0x48 ../lab9_bsp/\libhal_bsp.a(alt_do_ctors.o)
                                         0xbe (size before relaxing)
 .debug_str     0x0000000000000965       0x4c ../lab9_bsp/\libhal_bsp.a(alt_do_dtors.o)
                                         0xbd (size before relaxing)
 .debug_str     0x00000000000009b1       0x14 ../lab9_bsp/\libhal_bsp.a(alt_errno.o)
                                        0x127 (size before relaxing)
 .debug_str     0x00000000000009c5       0x34 ../lab9_bsp/\libhal_bsp.a(alt_icache_flush_all.o)
                                        0x137 (size before relaxing)
 .debug_str     0x00000000000009f9       0xc4 ../lab9_bsp/\libhal_bsp.a(alt_iic.o)
                                        0x220 (size before relaxing)
 .debug_str     0x0000000000000abd       0x4c ../lab9_bsp/\libhal_bsp.a(alt_iic_isr_register.o)
                                        0x1ca (size before relaxing)
 .debug_str     0x0000000000000b09       0x56 ../lab9_bsp/\libhal_bsp.a(alt_io_redirect.o)
                                        0x2f8 (size before relaxing)
 .debug_str     0x0000000000000b5f       0x3a ../lab9_bsp/\libhal_bsp.a(alt_irq_handler.o)
                                        0x179 (size before relaxing)
 .debug_str     0x0000000000000b99       0x17 ../lab9_bsp/\libhal_bsp.a(alt_irq_vars.o)
                                        0x128 (size before relaxing)
 .debug_str     0x0000000000000bb0       0x2f ../lab9_bsp/\libhal_bsp.a(alt_open.o)
                                        0x22d (size before relaxing)
 .debug_str     0x0000000000000bdf       0x28 ../lab9_bsp/\libhal_bsp.a(alt_release_fd.o)
                                        0x1c1 (size before relaxing)
 .debug_str     0x0000000000000c07       0x4a ../lab9_bsp/\libhal_bsp.a(alt_tick.o)
                                        0x234 (size before relaxing)
 .debug_str     0x0000000000000c51       0x3b ../lab9_bsp/\libhal_bsp.a(altera_nios2_gen2_irq.o)
                                        0x13e (size before relaxing)
 .debug_str     0x0000000000000c8c       0x24 ../lab9_bsp/\libhal_bsp.a(alt_find_dev.o)
                                        0x1ce (size before relaxing)
 .debug_str     0x0000000000000cb0       0x26 ../lab9_bsp/\libhal_bsp.a(alt_find_file.o)
                                        0x1dc (size before relaxing)
 .debug_str     0x0000000000000cd6       0x30 ../lab9_bsp/\libhal_bsp.a(alt_get_fd.o)
                                        0x1fe (size before relaxing)
 .debug_str     0x0000000000000d06      0x48b ../lab9_bsp/\libhal_bsp.a(alt_instruction_exception_entry.o)
                                        0x581 (size before relaxing)
 .debug_str     0x0000000000001191      0x14c s:/altera/nios2eds/bin/gnu/h-x86_64-mingw32/bin/../lib/gcc/nios2-elf/4.9.1/../../../../../H-x86_64-mingw32/nios2-elf/lib/mno-hw-mul\libc.a(lib_a-atexit.o)
                                        0x1e5 (size before relaxing)
 .debug_str     0x00000000000012dd      0x3b6 s:/altera/nios2eds/bin/gnu/h-x86_64-mingw32/bin/../lib/gcc/nios2-elf/4.9.1/../../../../../H-x86_64-mingw32/nios2-elf/lib/mno-hw-mul\libc.a(lib_a-exit.o)
                                        0x57b (size before relaxing)
 .debug_str     0x0000000000001693       0xd7 s:/altera/nios2eds/bin/gnu/h-x86_64-mingw32/bin/../lib/gcc/nios2-elf/4.9.1/../../../../../H-x86_64-mingw32/nios2-elf/lib/mno-hw-mul\libc.a(lib_a-impure.o)
                                        0x572 (size before relaxing)
 .debug_str     0x000000000000176a       0x40 s:/altera/nios2eds/bin/gnu/h-x86_64-mingw32/bin/../lib/gcc/nios2-elf/4.9.1/../../../../../H-x86_64-mingw32/nios2-elf/lib/mno-hw-mul\libc.a(lib_a-int_errno.o)
                                        0x1a1 (size before relaxing)
 .debug_str     0x00000000000017aa       0xdb s:/altera/nios2eds/bin/gnu/h-x86_64-mingw32/bin/../lib/gcc/nios2-elf/4.9.1/../../../../../H-x86_64-mingw32/nios2-elf/lib/mno-hw-mul\libc.a(lib_a-memcmp.o)
                                        0x1a8 (size before relaxing)
 .debug_str     0x0000000000001885       0x6c s:/altera/nios2eds/bin/gnu/h-x86_64-mingw32/bin/../lib/gcc/nios2-elf/4.9.1/../../../../../H-x86_64-mingw32/nios2-elf/lib/mno-hw-mul\libc.a(lib_a-memcpy.o)
                                        0x1cf (size before relaxing)
 .debug_str     0x00000000000018f1       0x52 s:/altera/nios2eds/bin/gnu/h-x86_64-mingw32/bin/../lib/gcc/nios2-elf/4.9.1/../../../../../H-x86_64-mingw32/nios2-elf/lib/mno-hw-mul\libc.a(lib_a-strlen.o)
                                        0x1bb (size before relaxing)
 .debug_str     0x0000000000001943       0x4e s:/altera/nios2eds/bin/gnu/h-x86_64-mingw32/bin/../lib/gcc/nios2-elf/4.9.1/../../../../../H-x86_64-mingw32/nios2-elf/lib/mno-hw-mul\libc.a(lib_a-__atexit.o)
                                        0x5c8 (size before relaxing)
 .debug_str     0x0000000000001991       0x58 s:/altera/nios2eds/bin/gnu/h-x86_64-mingw32/bin/../lib/gcc/nios2-elf/4.9.1/../../../../../H-x86_64-mingw32/nios2-elf/lib/mno-hw-mul\libc.a(lib_a-__call_atexit.o)
                                        0x591 (size before relaxing)
 .debug_str     0x00000000000019e9      0x146 s:/altera/nios2eds/bin/gnu/h-x86_64-mingw32/bin/../lib/gcc/nios2-elf/4.9.1/mno-hw-mul\libgcc.a(lib2-mul.o)
                                        0x191 (size before relaxing)
 .debug_str     0x0000000000001b2f       0x2a ../lab9_bsp/\libhal_bsp.a(alt_exit.o)
                                        0x133 (size before relaxing)

.debug_loc      0x0000000000000000      0x817
 *(.debug_loc)
 .debug_loc     0x0000000000000000       0x2c s:/altera/nios2eds/bin/gnu/h-x86_64-mingw32/bin/../lib/gcc/nios2-elf/4.9.1/../../../../../H-x86_64-mingw32/nios2-elf/lib/mno-hw-mul\libc.a(lib_a-atexit.o)
 .debug_loc     0x000000000000002c       0x1e s:/altera/nios2eds/bin/gnu/h-x86_64-mingw32/bin/../lib/gcc/nios2-elf/4.9.1/../../../../../H-x86_64-mingw32/nios2-elf/lib/mno-hw-mul\libc.a(lib_a-exit.o)
 .debug_loc     0x000000000000004a      0x126 s:/altera/nios2eds/bin/gnu/h-x86_64-mingw32/bin/../lib/gcc/nios2-elf/4.9.1/../../../../../H-x86_64-mingw32/nios2-elf/lib/mno-hw-mul\libc.a(lib_a-memcmp.o)
 .debug_loc     0x0000000000000170      0x2a2 s:/altera/nios2eds/bin/gnu/h-x86_64-mingw32/bin/../lib/gcc/nios2-elf/4.9.1/../../../../../H-x86_64-mingw32/nios2-elf/lib/mno-hw-mul\libc.a(lib_a-memcpy.o)
 .debug_loc     0x0000000000000412       0x47 s:/altera/nios2eds/bin/gnu/h-x86_64-mingw32/bin/../lib/gcc/nios2-elf/4.9.1/../../../../../H-x86_64-mingw32/nios2-elf/lib/mno-hw-mul\libc.a(lib_a-strlen.o)
 .debug_loc     0x0000000000000459      0x185 s:/altera/nios2eds/bin/gnu/h-x86_64-mingw32/bin/../lib/gcc/nios2-elf/4.9.1/../../../../../H-x86_64-mingw32/nios2-elf/lib/mno-hw-mul\libc.a(lib_a-__atexit.o)
 .debug_loc     0x00000000000005de      0x1a6 s:/altera/nios2eds/bin/gnu/h-x86_64-mingw32/bin/../lib/gcc/nios2-elf/4.9.1/../../../../../H-x86_64-mingw32/nios2-elf/lib/mno-hw-mul\libc.a(lib_a-__call_atexit.o)
 .debug_loc     0x0000000000000784       0x93 s:/altera/nios2eds/bin/gnu/h-x86_64-mingw32/bin/../lib/gcc/nios2-elf/4.9.1/mno-hw-mul\libgcc.a(lib2-mul.o)

.debug_macinfo
 *(.debug_macinfo)

.debug_weaknames
 *(.debug_weaknames)

.debug_funcnames
 *(.debug_funcnames)

.debug_typenames
 *(.debug_typenames)

.debug_varnames
 *(.debug_varnames)

.debug_alt_sim_info
                0x0000000000000000       0x10
 *(.debug_alt_sim_info)
 .debug_alt_sim_info
                0x0000000000000000       0x10 ../lab9_bsp//obj/HAL/src/crt0.o
                0x0000000018000000                __alt_data_end = 0x18000000
                0x0000000018000000                PROVIDE (__alt_stack_pointer, __alt_data_end)
                0x000000001000621c                PROVIDE (__alt_stack_limit, __alt_stack_base)
                0x000000001000621c                PROVIDE (__alt_heap_start, end)
                0x0000000018000000                PROVIDE (__alt_heap_limit, 0x18000000)
OUTPUT(lab9.elf elf32-littlenios2)

.debug_ranges   0x0000000000000000       0xb8
 .debug_ranges  0x0000000000000000       0x20 ../lab9_bsp//obj/HAL/src/crt0.o
 .debug_ranges  0x0000000000000020       0x28 ../lab9_bsp/\libhal_bsp.a(alt_irq_entry.o)
 .debug_ranges  0x0000000000000048       0x10 ../lab9_bsp/\libhal_bsp.a(alt_irq_handler.o)
 .debug_ranges  0x0000000000000058       0x30 ../lab9_bsp/\libhal_bsp.a(alt_exception_entry.o)
 .debug_ranges  0x0000000000000088       0x18 ../lab9_bsp/\libhal_bsp.a(alt_instruction_exception_entry.o)
 .debug_ranges  0x00000000000000a0       0x18 s:/altera/nios2eds/bin/gnu/h-x86_64-mingw32/bin/../lib/gcc/nios2-elf/4.9.1/../../../../../H-x86_64-mingw32/nios2-elf/lib/mno-hw-mul\libc.a(lib_a-__call_atexit.o)
